[2023-04-06T13:35:55.030+0700][0.018s] Heap region size: 1M
[2023-04-06T13:35:55.263+0700][0.250s] Using G1
[2023-04-06T13:35:55.263+0700][0.251s] Heap address: 0x00000000e0000000, size: 512 MB, Compressed Oops mode: 32-bit
[2023-04-06T13:35:59.740+0700][4.728s] GC(0) Pause Young (Normal) (G1 Evacuation Pause)
[2023-04-06T13:35:59.740+0700][4.728s] GC(0) Using 8 workers of 8 for evacuation
[2023-04-06T13:35:59.751+0700][4.739s] GC(0)   Pre Evacuate Collection Set: 0.0ms
[2023-04-06T13:35:59.751+0700][4.739s] GC(0)   Evacuate Collection Set: 10.1ms
[2023-04-06T13:35:59.751+0700][4.739s] GC(0)   Post Evacuate Collection Set: 0.5ms
[2023-04-06T13:35:59.751+0700][4.739s] GC(0)   Other: 0.6ms
[2023-04-06T13:35:59.751+0700][4.739s] GC(0) Eden regions: 30->0(303)
[2023-04-06T13:35:59.751+0700][4.739s] GC(0) Survivor regions: 0->4(4)
[2023-04-06T13:35:59.751+0700][4.739s] GC(0) Old regions: 0->0
[2023-04-06T13:35:59.751+0700][4.740s] GC(0) Humongous regions: 0->0
[2023-04-06T13:35:59.751+0700][4.740s] GC(0) Metaspace: 14643K->14643K(1062912K)
[2023-04-06T13:35:59.751+0700][4.740s] GC(0) Pause Young (Normal) (G1 Evacuation Pause) 30M->3M(512M) 11.537ms
[2023-04-06T13:35:59.751+0700][4.740s] GC(0) User=0.03s Sys=0.00s Real=0.01s
[2023-04-06T13:36:00.283+0700][5.272s] GC(1) Pause Young (Concurrent Start) (Metadata GC Threshold)
[2023-04-06T13:36:00.284+0700][5.272s] GC(1) Using 8 workers of 8 for evacuation
[2023-04-06T13:36:00.296+0700][5.284s] GC(1)   Pre Evacuate Collection Set: 0.0ms
[2023-04-06T13:36:00.296+0700][5.284s] GC(1)   Evacuate Collection Set: 11.3ms
[2023-04-06T13:36:00.296+0700][5.284s] GC(1)   Post Evacuate Collection Set: 0.5ms
[2023-04-06T13:36:00.296+0700][5.284s] GC(1)   Other: 0.4ms
[2023-04-06T13:36:00.296+0700][5.284s] GC(1) Eden regions: 21->0(84)
[2023-04-06T13:36:00.296+0700][5.284s] GC(1) Survivor regions: 4->12(39)
[2023-04-06T13:36:00.296+0700][5.284s] GC(1) Old regions: 0->0
[2023-04-06T13:36:00.296+0700][5.284s] GC(1) Humongous regions: 4->4
[2023-04-06T13:36:00.296+0700][5.284s] GC(1) Metaspace: 20665K->20665K(1069056K)
[2023-04-06T13:36:00.296+0700][5.284s] GC(1) Pause Young (Concurrent Start) (Metadata GC Threshold) 28M->15M(512M) 12.421ms
[2023-04-06T13:36:00.296+0700][5.284s] GC(1) User=0.02s Sys=0.00s Real=0.01s
[2023-04-06T13:36:00.296+0700][5.284s] GC(2) Concurrent Cycle
[2023-04-06T13:36:00.296+0700][5.284s] GC(2) Concurrent Clear Claimed Marks
[2023-04-06T13:36:00.296+0700][5.284s] GC(2) Concurrent Clear Claimed Marks 0.037ms
[2023-04-06T13:36:00.296+0700][5.284s] GC(2) Concurrent Scan Root Regions
[2023-04-06T13:36:00.301+0700][5.289s] GC(2) Concurrent Scan Root Regions 4.545ms
[2023-04-06T13:36:00.301+0700][5.289s] GC(2) Concurrent Mark (5.289s)
[2023-04-06T13:36:00.301+0700][5.289s] GC(2) Concurrent Mark From Roots
[2023-04-06T13:36:00.301+0700][5.289s] GC(2) Using 2 workers of 2 for marking
[2023-04-06T13:36:00.302+0700][5.291s] GC(2) Concurrent Mark From Roots 1.570ms
[2023-04-06T13:36:00.302+0700][5.291s] GC(2) Concurrent Preclean
[2023-04-06T13:36:00.303+0700][5.291s] GC(2) Concurrent Preclean 0.147ms
[2023-04-06T13:36:00.303+0700][5.291s] GC(2) Concurrent Mark (5.289s, 5.291s) 1.826ms
[2023-04-06T13:36:00.303+0700][5.291s] GC(2) Pause Remark
[2023-04-06T13:36:00.304+0700][5.293s] GC(2) Cleaned string and symbol table, strings: 9762 processed, 0 removed, symbols: 68672 processed, 20 removed
[2023-04-06T13:36:00.305+0700][5.293s] GC(2) Pause Remark 16M->16M(512M) 1.843ms
[2023-04-06T13:36:00.305+0700][5.293s] GC(2) User=0.00s Sys=0.00s Real=0.00s
[2023-04-06T13:36:00.305+0700][5.293s] GC(2) Concurrent Rebuild Remembered Sets
[2023-04-06T13:36:00.307+0700][5.295s] GC(2) Concurrent Rebuild Remembered Sets 1.986ms
[2023-04-06T13:36:00.307+0700][5.295s] GC(2) Pause Cleanup
[2023-04-06T13:36:00.307+0700][5.295s] GC(2) Pause Cleanup 16M->16M(512M) 0.112ms
[2023-04-06T13:36:00.307+0700][5.295s] GC(2) User=0.00s Sys=0.00s Real=0.00s
[2023-04-06T13:36:00.307+0700][5.295s] GC(2) Concurrent Cleanup for Next Mark
[2023-04-06T13:36:00.307+0700][5.296s] GC(2) Concurrent Cleanup for Next Mark 0.387ms
[2023-04-06T13:36:00.308+0700][5.296s] GC(2) Concurrent Cycle 11.505ms
[2023-04-06T13:36:01.254+0700][6.242s] GC(3) Pause Young (Normal) (G1 Evacuation Pause)
[2023-04-06T13:36:01.254+0700][6.242s] GC(3) Using 8 workers of 8 for evacuation
[2023-04-06T13:36:01.262+0700][6.251s] GC(3)   Pre Evacuate Collection Set: 0.0ms
[2023-04-06T13:36:01.262+0700][6.251s] GC(3)   Evacuate Collection Set: 7.7ms
[2023-04-06T13:36:01.262+0700][6.251s] GC(3)   Post Evacuate Collection Set: 0.9ms
[2023-04-06T13:36:01.262+0700][6.251s] GC(3)   Other: 0.1ms
[2023-04-06T13:36:01.263+0700][6.251s] GC(3) Eden regions: 48->0(70)
[2023-04-06T13:36:01.263+0700][6.251s] GC(3) Survivor regions: 12->8(8)
[2023-04-06T13:36:01.263+0700][6.251s] GC(3) Old regions: 0->12
[2023-04-06T13:36:01.263+0700][6.251s] GC(3) Humongous regions: 4->4
[2023-04-06T13:36:01.263+0700][6.251s] GC(3) Metaspace: 24408K->24408K(1071104K)
[2023-04-06T13:36:01.263+0700][6.251s] GC(3) Pause Young (Normal) (G1 Evacuation Pause) 63M->23M(512M) 8.952ms
[2023-04-06T13:36:01.263+0700][6.251s] GC(3) User=0.00s Sys=0.00s Real=0.01s
[2023-04-06T13:36:01.953+0700][6.941s] GC(4) Pause Young (Normal) (G1 Evacuation Pause)
[2023-04-06T13:36:01.953+0700][6.941s] GC(4) Using 8 workers of 8 for evacuation
[2023-04-06T13:36:01.955+0700][6.943s] GC(4)   Pre Evacuate Collection Set: 0.0ms
[2023-04-06T13:36:01.955+0700][6.943s] GC(4)   Evacuate Collection Set: 1.7ms
[2023-04-06T13:36:01.955+0700][6.943s] GC(4)   Post Evacuate Collection Set: 0.3ms
[2023-04-06T13:36:01.955+0700][6.943s] GC(4)   Other: 0.2ms
[2023-04-06T13:36:01.955+0700][6.943s] GC(4) Eden regions: 70->0(112)
[2023-04-06T13:36:01.955+0700][6.943s] GC(4) Survivor regions: 8->2(10)
[2023-04-06T13:36:01.955+0700][6.943s] GC(4) Old regions: 12->20
[2023-04-06T13:36:01.955+0700][6.943s] GC(4) Humongous regions: 4->4
[2023-04-06T13:36:01.955+0700][6.943s] GC(4) Metaspace: 32231K->32231K(1079296K)
[2023-04-06T13:36:01.955+0700][6.943s] GC(4) Pause Young (Normal) (G1 Evacuation Pause) 93M->25M(512M) 2.438ms
[2023-04-06T13:36:01.955+0700][6.943s] GC(4) User=0.00s Sys=0.00s Real=0.00s
[2023-04-06T13:36:02.172+0700][7.160s] GC(5) Pause Young (Concurrent Start) (Metadata GC Threshold)
[2023-04-06T13:36:02.172+0700][7.160s] GC(5) Using 8 workers of 8 for evacuation
[2023-04-06T13:36:02.175+0700][7.163s] GC(5)   Pre Evacuate Collection Set: 0.0ms
[2023-04-06T13:36:02.175+0700][7.163s] GC(5)   Evacuate Collection Set: 2.4ms
[2023-04-06T13:36:02.175+0700][7.163s] GC(5)   Post Evacuate Collection Set: 0.4ms
[2023-04-06T13:36:02.175+0700][7.164s] GC(5)   Other: 0.2ms
[2023-04-06T13:36:02.175+0700][7.164s] GC(5) Eden regions: 12->0(115)
[2023-04-06T13:36:02.175+0700][7.164s] GC(5) Survivor regions: 2->3(15)
[2023-04-06T13:36:02.175+0700][7.164s] GC(5) Old regions: 20->20
[2023-04-06T13:36:02.175+0700][7.164s] GC(5) Humongous regions: 4->4
[2023-04-06T13:36:02.175+0700][7.164s] GC(5) Metaspace: 35018K->35018K(1081344K)
[2023-04-06T13:36:02.175+0700][7.164s] GC(5) Pause Young (Concurrent Start) (Metadata GC Threshold) 36M->25M(512M) 3.282ms
[2023-04-06T13:36:02.175+0700][7.164s] GC(5) User=0.00s Sys=0.00s Real=0.00s
[2023-04-06T13:36:02.176+0700][7.164s] GC(6) Concurrent Cycle
[2023-04-06T13:36:02.176+0700][7.164s] GC(6) Concurrent Clear Claimed Marks
[2023-04-06T13:36:02.176+0700][7.164s] GC(6) Concurrent Clear Claimed Marks 0.042ms
[2023-04-06T13:36:02.176+0700][7.164s] GC(6) Concurrent Scan Root Regions
[2023-04-06T13:36:02.177+0700][7.165s] GC(6) Concurrent Scan Root Regions 1.268ms
[2023-04-06T13:36:02.177+0700][7.165s] GC(6) Concurrent Mark (7.165s)
[2023-04-06T13:36:02.177+0700][7.165s] GC(6) Concurrent Mark From Roots
[2023-04-06T13:36:02.177+0700][7.165s] GC(6) Using 2 workers of 2 for marking
[2023-04-06T13:36:02.198+0700][7.186s] GC(6) Concurrent Mark From Roots 20.777ms
[2023-04-06T13:36:02.198+0700][7.186s] GC(6) Concurrent Preclean
[2023-04-06T13:36:02.198+0700][7.186s] GC(6) Concurrent Preclean 0.219ms
[2023-04-06T13:36:02.198+0700][7.186s] GC(6) Concurrent Mark (7.165s, 7.186s) 21.114ms
[2023-04-06T13:36:02.201+0700][7.189s] GC(6) Pause Remark
[2023-04-06T13:36:02.204+0700][7.192s] GC(6) Cleaned string and symbol table, strings: 15804 processed, 27 removed, symbols: 115178 processed, 41 removed
[2023-04-06T13:36:02.204+0700][7.193s] GC(6) Pause Remark 26M->26M(512M) 3.615ms
[2023-04-06T13:36:02.204+0700][7.193s] GC(6) User=0.00s Sys=0.00s Real=0.00s
[2023-04-06T13:36:02.204+0700][7.193s] GC(6) Concurrent Rebuild Remembered Sets
[2023-04-06T13:36:02.214+0700][7.203s] GC(6) Concurrent Rebuild Remembered Sets 9.967ms
[2023-04-06T13:36:02.215+0700][7.203s] GC(6) Pause Cleanup
[2023-04-06T13:36:02.215+0700][7.203s] GC(6) Pause Cleanup 26M->26M(512M) 0.128ms
[2023-04-06T13:36:02.215+0700][7.203s] GC(6) User=0.00s Sys=0.00s Real=0.00s
[2023-04-06T13:36:02.215+0700][7.203s] GC(6) Concurrent Cleanup for Next Mark
[2023-04-06T13:36:02.215+0700][7.203s] GC(6) Concurrent Cleanup for Next Mark 0.375ms
[2023-04-06T13:36:02.215+0700][7.203s] GC(6) Concurrent Cycle 39.709ms
[2023-04-06T13:36:12.924+0700][17.912s] GC(7) Pause Young (Normal) (G1 Evacuation Pause)
[2023-04-06T13:36:12.924+0700][17.912s] GC(7) Using 8 workers of 8 for evacuation
[2023-04-06T13:36:12.929+0700][17.917s] GC(7)   Pre Evacuate Collection Set: 0.0ms
[2023-04-06T13:36:12.929+0700][17.917s] GC(7)   Evacuate Collection Set: 4.5ms
[2023-04-06T13:36:12.929+0700][17.917s] GC(7)   Post Evacuate Collection Set: 0.5ms
[2023-04-06T13:36:12.929+0700][17.917s] GC(7)   Other: 0.1ms
[2023-04-06T13:36:12.929+0700][17.917s] GC(7) Eden regions: 119->0(298)
[2023-04-06T13:36:12.929+0700][17.918s] GC(7) Survivor regions: 3->9(16)
[2023-04-06T13:36:12.929+0700][17.918s] GC(7) Old regions: 20->20
[2023-04-06T13:36:12.929+0700][17.918s] GC(7) Humongous regions: 5->4
[2023-04-06T13:36:12.929+0700][17.918s] GC(7) Metaspace: 45979K->45979K(1091584K)
[2023-04-06T13:36:12.929+0700][17.918s] GC(7) Pause Young (Normal) (G1 Evacuation Pause) 145M->32M(512M) 5.325ms
[2023-04-06T13:36:12.929+0700][17.918s] GC(7) User=0.00s Sys=0.00s Real=0.00s
[2023-04-06T13:47:01.551+0700][666.538s] GC(8) Pause Young (Concurrent Start) (Metadata GC Threshold)
[2023-04-06T13:47:01.551+0700][666.538s] GC(8) Using 8 workers of 8 for evacuation
[2023-04-06T13:47:01.571+0700][666.559s] GC(8)   Pre Evacuate Collection Set: 0.1ms
[2023-04-06T13:47:01.571+0700][666.559s] GC(8)   Evacuate Collection Set: 19.1ms
[2023-04-06T13:47:01.571+0700][666.559s] GC(8)   Post Evacuate Collection Set: 1.1ms
[2023-04-06T13:47:01.572+0700][666.559s] GC(8)   Other: 0.5ms
[2023-04-06T13:47:01.572+0700][666.559s] GC(8) Eden regions: 251->0(281)
[2023-04-06T13:47:01.572+0700][666.559s] GC(8) Survivor regions: 9->22(39)
[2023-04-06T13:47:01.572+0700][666.560s] GC(8) Old regions: 20->20
[2023-04-06T13:47:01.572+0700][666.560s] GC(8) Humongous regions: 4->4
[2023-04-06T13:47:01.572+0700][666.560s] GC(8) Metaspace: 58832K->58832K(1101824K)
[2023-04-06T13:47:01.572+0700][666.560s] GC(8) Pause Young (Concurrent Start) (Metadata GC Threshold) 283M->45M(512M) 21.273ms
[2023-04-06T13:47:01.572+0700][666.560s] GC(8) User=0.08s Sys=0.00s Real=0.02s
[2023-04-06T13:47:01.572+0700][666.560s] GC(9) Concurrent Cycle
[2023-04-06T13:47:01.572+0700][666.560s] GC(9) Concurrent Clear Claimed Marks
[2023-04-06T13:47:01.572+0700][666.560s] GC(9) Concurrent Clear Claimed Marks 0.161ms
[2023-04-06T13:47:01.572+0700][666.560s] GC(9) Concurrent Scan Root Regions
[2023-04-06T13:47:01.586+0700][666.575s] GC(9) Concurrent Scan Root Regions 14.588ms
[2023-04-06T13:47:01.586+0700][666.575s] GC(9) Concurrent Mark (666.575s)
[2023-04-06T13:47:01.587+0700][666.575s] GC(9) Concurrent Mark From Roots
[2023-04-06T13:47:01.587+0700][666.575s] GC(9) Using 2 workers of 2 for marking
[2023-04-06T13:47:01.620+0700][666.608s] GC(9) Concurrent Mark From Roots 33.361ms
[2023-04-06T13:47:01.620+0700][666.608s] GC(9) Concurrent Preclean
[2023-04-06T13:47:01.621+0700][666.609s] GC(9) Concurrent Preclean 0.676ms
[2023-04-06T13:47:01.621+0700][666.609s] GC(9) Concurrent Mark (666.575s, 666.609s) 34.233ms
[2023-04-06T13:47:01.621+0700][666.609s] GC(9) Pause Remark
[2023-04-06T13:47:01.634+0700][666.622s] GC(9) Cleaned string and symbol table, strings: 28702 processed, 987 removed, symbols: 178209 processed, 578 removed
[2023-04-06T13:47:01.635+0700][666.622s] GC(9) Pause Remark 46M->46M(512M) 12.861ms
[2023-04-06T13:47:01.635+0700][666.622s] GC(9) User=0.08s Sys=0.00s Real=0.01s
[2023-04-06T13:47:01.635+0700][666.623s] GC(9) Concurrent Rebuild Remembered Sets
[2023-04-06T13:47:01.649+0700][666.636s] GC(9) Concurrent Rebuild Remembered Sets 13.801ms
[2023-04-06T13:47:01.650+0700][666.638s] GC(9) Pause Cleanup
[2023-04-06T13:47:01.660+0700][666.648s] GC(9) Pause Cleanup 46M->46M(512M) 10.066ms
[2023-04-06T13:47:01.660+0700][666.648s] GC(9) User=0.00s Sys=0.00s Real=0.01s
[2023-04-06T13:47:01.660+0700][666.648s] GC(9) Concurrent Cleanup for Next Mark
[2023-04-06T13:47:01.661+0700][666.649s] GC(9) Concurrent Cleanup for Next Mark 1.028ms
[2023-04-06T13:47:01.661+0700][666.649s] GC(9) Concurrent Cycle 89.238ms
[2023-04-06T17:22:36.830+0700][13601.819s] GC(10) Pause Young (Normal) (G1 Evacuation Pause)
[2023-04-06T17:22:36.831+0700][13601.820s] GC(10) Using 8 workers of 8 for evacuation
[2023-04-06T17:22:36.876+0700][13601.864s] GC(10)   Pre Evacuate Collection Set: 0.6ms
[2023-04-06T17:22:36.876+0700][13601.864s] GC(10)   Evacuate Collection Set: 38.5ms
[2023-04-06T17:22:36.876+0700][13601.864s] GC(10)   Post Evacuate Collection Set: 4.2ms
[2023-04-06T17:22:36.877+0700][13601.864s] GC(10)   Other: 3.4ms
[2023-04-06T17:22:36.877+0700][13601.864s] GC(10) Eden regions: 281->0(284)
[2023-04-06T17:22:36.877+0700][13601.864s] GC(10) Survivor regions: 22->23(38)
[2023-04-06T17:22:36.877+0700][13601.864s] GC(10) Old regions: 20->22
[2023-04-06T17:22:36.877+0700][13601.864s] GC(10) Humongous regions: 7->7
[2023-04-06T17:22:36.877+0700][13601.864s] GC(10) Metaspace: 61899K->61899K(1105920K)
[2023-04-06T17:22:36.877+0700][13601.865s] GC(10) Pause Young (Normal) (G1 Evacuation Pause) 329M->50M(512M) 46.581ms
[2023-04-06T17:22:36.877+0700][13601.865s] GC(10) User=0.02s Sys=0.09s Real=0.05s
