[2023-03-31T14:36:39.353+0700][0.022s] Heap region size: 1M
[2023-03-31T14:36:40.258+0700][0.927s] Using G1
[2023-03-31T14:36:40.258+0700][0.927s] Heap address: 0x00000000e0000000, size: 512 MB, Compressed Oops mode: 32-bit
[2023-03-31T14:36:45.415+0700][6.084s] GC(0) Pause Young (Normal) (G1 Evacuation Pause)
[2023-03-31T14:36:45.415+0700][6.084s] GC(0) Using 8 workers of 8 for evacuation
[2023-03-31T14:36:45.419+0700][6.088s] GC(0)   Pre Evacuate Collection Set: 0.0ms
[2023-03-31T14:36:45.420+0700][6.089s] GC(0)   Evacuate Collection Set: 3.6ms
[2023-03-31T14:36:45.420+0700][6.089s] GC(0)   Post Evacuate Collection Set: 0.5ms
[2023-03-31T14:36:45.420+0700][6.089s] GC(0)   Other: 0.7ms
[2023-03-31T14:36:45.420+0700][6.089s] GC(0) Eden regions: 30->0(303)
[2023-03-31T14:36:45.420+0700][6.089s] GC(0) Survivor regions: 0->4(4)
[2023-03-31T14:36:45.420+0700][6.089s] GC(0) Old regions: 0->0
[2023-03-31T14:36:45.420+0700][6.089s] GC(0) Humongous regions: 0->0
[2023-03-31T14:36:45.420+0700][6.089s] GC(0) Metaspace: 14380K->14380K(1062912K)
[2023-03-31T14:36:45.420+0700][6.089s] GC(0) Pause Young (Normal) (G1 Evacuation Pause) 30M->3M(512M) 5.572ms
[2023-03-31T14:36:45.420+0700][6.089s] GC(0) User=0.02s Sys=0.00s Real=0.01s
[2023-03-31T14:36:45.930+0700][6.599s] GC(1) Pause Young (Concurrent Start) (Metadata GC Threshold)
[2023-03-31T14:36:45.930+0700][6.599s] GC(1) Using 8 workers of 8 for evacuation
[2023-03-31T14:36:45.941+0700][6.610s] GC(1)   Pre Evacuate Collection Set: 0.1ms
[2023-03-31T14:36:45.941+0700][6.610s] GC(1)   Evacuate Collection Set: 9.9ms
[2023-03-31T14:36:45.941+0700][6.610s] GC(1)   Post Evacuate Collection Set: 0.5ms
[2023-03-31T14:36:45.941+0700][6.610s] GC(1)   Other: 0.2ms
[2023-03-31T14:36:45.941+0700][6.610s] GC(1) Eden regions: 22->0(90)
[2023-03-31T14:36:45.941+0700][6.610s] GC(1) Survivor regions: 4->13(39)
[2023-03-31T14:36:45.941+0700][6.610s] GC(1) Old regions: 0->0
[2023-03-31T14:36:45.941+0700][6.610s] GC(1) Humongous regions: 4->4
[2023-03-31T14:36:45.941+0700][6.610s] GC(1) Metaspace: 20649K->20649K(1069056K)
[2023-03-31T14:36:45.941+0700][6.610s] GC(1) Pause Young (Concurrent Start) (Metadata GC Threshold) 29M->16M(512M) 10.925ms
[2023-03-31T14:36:45.941+0700][6.610s] GC(1) User=0.03s Sys=0.00s Real=0.01s
[2023-03-31T14:36:45.941+0700][6.610s] GC(2) Concurrent Cycle
[2023-03-31T14:36:45.941+0700][6.610s] GC(2) Concurrent Clear Claimed Marks
[2023-03-31T14:36:45.941+0700][6.610s] GC(2) Concurrent Clear Claimed Marks 0.045ms
[2023-03-31T14:36:45.941+0700][6.610s] GC(2) Concurrent Scan Root Regions
[2023-03-31T14:36:45.945+0700][6.614s] GC(2) Concurrent Scan Root Regions 3.811ms
[2023-03-31T14:36:45.945+0700][6.614s] GC(2) Concurrent Mark (6.614s)
[2023-03-31T14:36:45.945+0700][6.614s] GC(2) Concurrent Mark From Roots
[2023-03-31T14:36:45.945+0700][6.614s] GC(2) Using 2 workers of 2 for marking
[2023-03-31T14:36:45.947+0700][6.616s] GC(2) Concurrent Mark From Roots 1.800ms
[2023-03-31T14:36:45.947+0700][6.616s] GC(2) Concurrent Preclean
[2023-03-31T14:36:45.947+0700][6.616s] GC(2) Concurrent Preclean 0.191ms
[2023-03-31T14:36:45.947+0700][6.616s] GC(2) Concurrent Mark (6.614s, 6.616s) 2.144ms
[2023-03-31T14:36:45.948+0700][6.616s] GC(2) Pause Remark
[2023-03-31T14:36:45.950+0700][6.618s] GC(2) Cleaned string and symbol table, strings: 9760 processed, 0 removed, symbols: 68671 processed, 20 removed
[2023-03-31T14:36:45.950+0700][6.619s] GC(2) Pause Remark 16M->16M(512M) 2.427ms
[2023-03-31T14:36:45.950+0700][6.619s] GC(2) User=0.00s Sys=0.00s Real=0.00s
[2023-03-31T14:36:45.950+0700][6.619s] GC(2) Concurrent Rebuild Remembered Sets
[2023-03-31T14:36:45.953+0700][6.621s] GC(2) Concurrent Rebuild Remembered Sets 2.393ms
[2023-03-31T14:36:45.953+0700][6.621s] GC(2) Pause Cleanup
[2023-03-31T14:36:45.953+0700][6.622s] GC(2) Pause Cleanup 16M->16M(512M) 0.173ms
[2023-03-31T14:36:45.953+0700][6.622s] GC(2) User=0.00s Sys=0.00s Real=0.00s
[2023-03-31T14:36:45.953+0700][6.622s] GC(2) Concurrent Cleanup for Next Mark
[2023-03-31T14:36:45.953+0700][6.622s] GC(2) Concurrent Cleanup for Next Mark 0.386ms
[2023-03-31T14:36:45.954+0700][6.622s] GC(2) Concurrent Cycle 12.272ms
[2023-03-31T14:36:46.978+0700][7.646s] GC(3) Pause Young (Normal) (G1 Evacuation Pause)
[2023-03-31T14:36:46.978+0700][7.647s] GC(3) Using 8 workers of 8 for evacuation
[2023-03-31T14:36:46.986+0700][7.655s] GC(3)   Pre Evacuate Collection Set: 0.0ms
[2023-03-31T14:36:46.986+0700][7.655s] GC(3)   Evacuate Collection Set: 7.9ms
[2023-03-31T14:36:46.987+0700][7.655s] GC(3)   Post Evacuate Collection Set: 0.7ms
[2023-03-31T14:36:46.987+0700][7.655s] GC(3)   Other: 0.1ms
[2023-03-31T14:36:46.987+0700][7.655s] GC(3) Eden regions: 50->0(299)
[2023-03-31T14:36:46.987+0700][7.655s] GC(3) Survivor regions: 13->8(8)
[2023-03-31T14:36:46.987+0700][7.655s] GC(3) Old regions: 0->12
[2023-03-31T14:36:46.987+0700][7.655s] GC(3) Humongous regions: 4->4
[2023-03-31T14:36:46.987+0700][7.655s] GC(3) Metaspace: 24474K->24474K(1071104K)
[2023-03-31T14:36:46.987+0700][7.655s] GC(3) Pause Young (Normal) (G1 Evacuation Pause) 66M->23M(512M) 8.969ms
[2023-03-31T14:36:46.987+0700][7.655s] GC(3) User=0.02s Sys=0.00s Real=0.01s
[2023-03-31T14:36:48.233+0700][8.902s] GC(4) Pause Young (Concurrent Start) (Metadata GC Threshold)
[2023-03-31T14:36:48.233+0700][8.902s] GC(4) Using 8 workers of 8 for evacuation
[2023-03-31T14:36:48.237+0700][8.907s] GC(4)   Pre Evacuate Collection Set: 0.0ms
[2023-03-31T14:36:48.237+0700][8.907s] GC(4)   Evacuate Collection Set: 3.4ms
[2023-03-31T14:36:48.237+0700][8.907s] GC(4)   Post Evacuate Collection Set: 0.6ms
[2023-03-31T14:36:48.237+0700][8.907s] GC(4)   Other: 0.2ms
[2023-03-31T14:36:48.237+0700][8.907s] GC(4) Eden regions: 97->0(126)
[2023-03-31T14:36:48.238+0700][8.907s] GC(4) Survivor regions: 8->10(39)
[2023-03-31T14:36:48.238+0700][8.907s] GC(4) Old regions: 12->12
[2023-03-31T14:36:48.238+0700][8.907s] GC(4) Humongous regions: 4->4
[2023-03-31T14:36:48.238+0700][8.907s] GC(4) Metaspace: 35020K->35020K(1081344K)
[2023-03-31T14:36:48.238+0700][8.907s] GC(4) Pause Young (Concurrent Start) (Metadata GC Threshold) 120M->25M(512M) 4.463ms
[2023-03-31T14:36:48.238+0700][8.907s] GC(4) User=0.00s Sys=0.00s Real=0.00s
[2023-03-31T14:36:48.238+0700][8.907s] GC(5) Concurrent Cycle
[2023-03-31T14:36:48.238+0700][8.907s] GC(5) Concurrent Clear Claimed Marks
[2023-03-31T14:36:48.238+0700][8.907s] GC(5) Concurrent Clear Claimed Marks 0.055ms
[2023-03-31T14:36:48.238+0700][8.907s] GC(5) Concurrent Scan Root Regions
[2023-03-31T14:36:48.240+0700][8.909s] GC(5) Concurrent Scan Root Regions 2.335ms
[2023-03-31T14:36:48.240+0700][8.909s] GC(5) Concurrent Mark (8.909s)
[2023-03-31T14:36:48.240+0700][8.909s] GC(5) Concurrent Mark From Roots
[2023-03-31T14:36:48.240+0700][8.909s] GC(5) Using 2 workers of 2 for marking
[2023-03-31T14:36:48.265+0700][8.934s] GC(5) Concurrent Mark From Roots 24.829ms
[2023-03-31T14:36:48.265+0700][8.934s] GC(5) Concurrent Preclean
[2023-03-31T14:36:48.265+0700][8.934s] GC(5) Concurrent Preclean 0.149ms
[2023-03-31T14:36:48.265+0700][8.934s] GC(5) Concurrent Mark (8.909s, 8.934s) 25.069ms
[2023-03-31T14:36:48.265+0700][8.935s] GC(5) Pause Remark
[2023-03-31T14:36:48.268+0700][8.937s] GC(5) Cleaned string and symbol table, strings: 15944 processed, 22 removed, symbols: 115883 processed, 41 removed
[2023-03-31T14:36:48.268+0700][8.937s] GC(5) Pause Remark 27M->27M(512M) 2.623ms
[2023-03-31T14:36:48.268+0700][8.937s] GC(5) User=0.02s Sys=0.00s Real=0.00s
[2023-03-31T14:36:48.268+0700][8.937s] GC(5) Concurrent Rebuild Remembered Sets
[2023-03-31T14:36:48.276+0700][8.945s] GC(5) Concurrent Rebuild Remembered Sets 8.170ms
[2023-03-31T14:36:48.276+0700][8.946s] GC(5) Pause Cleanup
[2023-03-31T14:36:48.277+0700][8.946s] GC(5) Pause Cleanup 27M->27M(512M) 0.119ms
[2023-03-31T14:36:48.277+0700][8.946s] GC(5) User=0.00s Sys=0.00s Real=0.00s
[2023-03-31T14:36:48.277+0700][8.946s] GC(5) Concurrent Cleanup for Next Mark
[2023-03-31T14:36:48.277+0700][8.946s] GC(5) Concurrent Cleanup for Next Mark 0.389ms
[2023-03-31T14:36:48.277+0700][8.946s] GC(5) Concurrent Cycle 39.501ms
[2023-03-31T14:36:59.206+0700][19.874s] GC(6) Pause Young (Normal) (G1 Evacuation Pause)
[2023-03-31T14:36:59.206+0700][19.874s] GC(6) Using 8 workers of 8 for evacuation
[2023-03-31T14:36:59.213+0700][19.881s] GC(6)   Pre Evacuate Collection Set: 0.0ms
[2023-03-31T14:36:59.213+0700][19.881s] GC(6)   Evacuate Collection Set: 6.3ms
[2023-03-31T14:36:59.213+0700][19.881s] GC(6)   Post Evacuate Collection Set: 0.5ms
[2023-03-31T14:36:59.213+0700][19.881s] GC(6)   Other: 0.2ms
[2023-03-31T14:36:59.213+0700][19.881s] GC(6) Eden regions: 126->0(240)
[2023-03-31T14:36:59.213+0700][19.881s] GC(6) Survivor regions: 10->10(17)
[2023-03-31T14:36:59.213+0700][19.881s] GC(6) Old regions: 12->19
[2023-03-31T14:36:59.213+0700][19.881s] GC(6) Humongous regions: 5->4
[2023-03-31T14:36:59.213+0700][19.882s] GC(6) Metaspace: 46876K->46876K(1091584K)
[2023-03-31T14:36:59.213+0700][19.882s] GC(6) Pause Young (Normal) (G1 Evacuation Pause) 152M->32M(512M) 7.200ms
[2023-03-31T14:36:59.213+0700][19.882s] GC(6) User=0.02s Sys=0.00s Real=0.01s
[2023-03-31T14:38:20.316+0700][100.985s] GC(7) Pause Young (Concurrent Start) (Metadata GC Threshold)
[2023-03-31T14:38:20.316+0700][100.985s] GC(7) Using 8 workers of 8 for evacuation
[2023-03-31T14:38:20.329+0700][100.998s] GC(7)   Pre Evacuate Collection Set: 0.1ms
[2023-03-31T14:38:20.329+0700][100.998s] GC(7)   Evacuate Collection Set: 12.4ms
[2023-03-31T14:38:20.329+0700][100.998s] GC(7)   Post Evacuate Collection Set: 0.6ms
[2023-03-31T14:38:20.329+0700][100.999s] GC(7)   Other: 0.3ms
[2023-03-31T14:38:20.329+0700][100.999s] GC(7) Eden regions: 230->0(271)
[2023-03-31T14:38:20.329+0700][100.999s] GC(7) Survivor regions: 10->22(32)
[2023-03-31T14:38:20.329+0700][100.999s] GC(7) Old regions: 19->19
[2023-03-31T14:38:20.330+0700][100.999s] GC(7) Humongous regions: 4->4
[2023-03-31T14:38:20.330+0700][100.999s] GC(7) Metaspace: 58819K->58819K(1101824K)
[2023-03-31T14:38:20.330+0700][100.999s] GC(7) Pause Young (Concurrent Start) (Metadata GC Threshold) 262M->44M(512M) 13.520ms
[2023-03-31T14:38:20.330+0700][100.999s] GC(7) User=0.02s Sys=0.00s Real=0.01s
[2023-03-31T14:38:20.330+0700][100.999s] GC(8) Concurrent Cycle
[2023-03-31T14:38:20.330+0700][100.999s] GC(8) Concurrent Clear Claimed Marks
[2023-03-31T14:38:20.330+0700][100.999s] GC(8) Concurrent Clear Claimed Marks 0.092ms
[2023-03-31T14:38:20.330+0700][100.999s] GC(8) Concurrent Scan Root Regions
[2023-03-31T14:38:20.338+0700][101.007s] GC(8) Concurrent Scan Root Regions 8.632ms
[2023-03-31T14:38:20.338+0700][101.008s] GC(8) Concurrent Mark (101.008s)
[2023-03-31T14:38:20.338+0700][101.008s] GC(8) Concurrent Mark From Roots
[2023-03-31T14:38:20.338+0700][101.008s] GC(8) Using 2 workers of 2 for marking
[2023-03-31T14:38:20.352+0700][101.021s] GC(8) Concurrent Mark From Roots 13.567ms
[2023-03-31T14:38:20.352+0700][101.021s] GC(8) Concurrent Preclean
[2023-03-31T14:38:20.352+0700][101.021s] GC(8) Concurrent Preclean 0.178ms
[2023-03-31T14:38:20.352+0700][101.021s] GC(8) Concurrent Mark (101.008s, 101.021s) 13.821ms
[2023-03-31T14:38:20.353+0700][101.022s] GC(8) Pause Remark
[2023-03-31T14:38:20.356+0700][101.025s] GC(8) Cleaned string and symbol table, strings: 28320 processed, 5 removed, symbols: 178673 processed, 579 removed
[2023-03-31T14:38:20.356+0700][101.025s] GC(8) Pause Remark 46M->46M(512M) 3.431ms
[2023-03-31T14:38:20.356+0700][101.025s] GC(8) User=0.02s Sys=0.00s Real=0.00s
[2023-03-31T14:38:20.356+0700][101.025s] GC(8) Concurrent Rebuild Remembered Sets
[2023-03-31T14:38:20.362+0700][101.031s] GC(8) Concurrent Rebuild Remembered Sets 5.877ms
[2023-03-31T14:38:20.362+0700][101.031s] GC(8) Pause Cleanup
[2023-03-31T14:38:20.362+0700][101.031s] GC(8) Pause Cleanup 47M->47M(512M) 0.170ms
[2023-03-31T14:38:20.362+0700][101.032s] GC(8) User=0.00s Sys=0.00s Real=0.00s
[2023-03-31T14:38:20.363+0700][101.032s] GC(8) Concurrent Cleanup for Next Mark
[2023-03-31T14:38:20.363+0700][101.032s] GC(8) Concurrent Cleanup for Next Mark 0.335ms
[2023-03-31T14:38:20.363+0700][101.032s] GC(8) Concurrent Cycle 33.299ms
