[2023-04-05T21:59:16.753+0700][0.017s] Heap region size: 1M
[2023-04-05T21:59:17.350+0700][0.615s] Using G1
[2023-04-05T21:59:17.351+0700][0.615s] Heap address: 0x00000000e0000000, size: 512 MB, Compressed Oops mode: 32-bit
[2023-04-05T21:59:21.729+0700][4.994s] GC(0) Pause Young (Normal) (G1 Evacuation Pause)
[2023-04-05T21:59:21.730+0700][4.994s] GC(0) Using 8 workers of 8 for evacuation
[2023-04-05T21:59:21.772+0700][5.037s] GC(0)   Pre Evacuate Collection Set: 0.0ms
[2023-04-05T21:59:21.772+0700][5.037s] GC(0)   Evacuate Collection Set: 41.7ms
[2023-04-05T21:59:21.772+0700][5.037s] GC(0)   Post Evacuate Collection Set: 0.7ms
[2023-04-05T21:59:21.772+0700][5.037s] GC(0)   Other: 0.6ms
[2023-04-05T21:59:21.772+0700][5.037s] GC(0) Eden regions: 30->0(303)
[2023-04-05T21:59:21.773+0700][5.037s] GC(0) Survivor regions: 0->4(4)
[2023-04-05T21:59:21.773+0700][5.037s] GC(0) Old regions: 0->0
[2023-04-05T21:59:21.773+0700][5.037s] GC(0) Humongous regions: 0->0
[2023-04-05T21:59:21.773+0700][5.037s] GC(0) Metaspace: 14436K->14436K(1062912K)
[2023-04-05T21:59:21.773+0700][5.037s] GC(0) Pause Young (Normal) (G1 Evacuation Pause) 30M->3M(512M) 43.479ms
[2023-04-05T21:59:21.773+0700][5.038s] GC(0) User=0.14s Sys=0.00s Real=0.04s
[2023-04-05T21:59:22.295+0700][5.560s] GC(1) Pause Young (Concurrent Start) (Metadata GC Threshold)
[2023-04-05T21:59:22.295+0700][5.560s] GC(1) Using 8 workers of 8 for evacuation
[2023-04-05T21:59:22.306+0700][5.571s] GC(1)   Pre Evacuate Collection Set: 0.0ms
[2023-04-05T21:59:22.306+0700][5.571s] GC(1)   Evacuate Collection Set: 10.1ms
[2023-04-05T21:59:22.306+0700][5.571s] GC(1)   Post Evacuate Collection Set: 0.5ms
[2023-04-05T21:59:22.306+0700][5.571s] GC(1)   Other: 0.2ms
[2023-04-05T21:59:22.306+0700][5.571s] GC(1) Eden regions: 21->0(86)
[2023-04-05T21:59:22.306+0700][5.571s] GC(1) Survivor regions: 4->12(39)
[2023-04-05T21:59:22.306+0700][5.571s] GC(1) Old regions: 0->0
[2023-04-05T21:59:22.306+0700][5.571s] GC(1) Humongous regions: 4->4
[2023-04-05T21:59:22.306+0700][5.571s] GC(1) Metaspace: 20649K->20649K(1069056K)
[2023-04-05T21:59:22.306+0700][5.571s] GC(1) Pause Young (Concurrent Start) (Metadata GC Threshold) 28M->15M(512M) 11.122ms
[2023-04-05T21:59:22.306+0700][5.571s] GC(1) User=0.03s Sys=0.00s Real=0.01s
[2023-04-05T21:59:22.306+0700][5.571s] GC(2) Concurrent Cycle
[2023-04-05T21:59:22.306+0700][5.571s] GC(2) Concurrent Clear Claimed Marks
[2023-04-05T21:59:22.306+0700][5.571s] GC(2) Concurrent Clear Claimed Marks 0.043ms
[2023-04-05T21:59:22.306+0700][5.571s] GC(2) Concurrent Scan Root Regions
[2023-04-05T21:59:22.311+0700][5.575s] GC(2) Concurrent Scan Root Regions 4.128ms
[2023-04-05T21:59:22.311+0700][5.575s] GC(2) Concurrent Mark (5.575s)
[2023-04-05T21:59:22.311+0700][5.575s] GC(2) Concurrent Mark From Roots
[2023-04-05T21:59:22.311+0700][5.575s] GC(2) Using 2 workers of 2 for marking
[2023-04-05T21:59:22.312+0700][5.577s] GC(2) Concurrent Mark From Roots 1.423ms
[2023-04-05T21:59:22.312+0700][5.577s] GC(2) Concurrent Preclean
[2023-04-05T21:59:22.312+0700][5.577s] GC(2) Concurrent Preclean 0.178ms
[2023-04-05T21:59:22.312+0700][5.577s] GC(2) Concurrent Mark (5.575s, 5.577s) 1.703ms
[2023-04-05T21:59:22.312+0700][5.577s] GC(2) Pause Remark
[2023-04-05T21:59:22.314+0700][5.578s] GC(2) Cleaned string and symbol table, strings: 9762 processed, 0 removed, symbols: 68672 processed, 20 removed
[2023-04-05T21:59:22.314+0700][5.578s] GC(2) Pause Remark 16M->16M(512M) 1.347ms
[2023-04-05T21:59:22.314+0700][5.579s] GC(2) User=0.00s Sys=0.00s Real=0.00s
[2023-04-05T21:59:22.314+0700][5.579s] GC(2) Concurrent Rebuild Remembered Sets
[2023-04-05T21:59:22.315+0700][5.580s] GC(2) Concurrent Rebuild Remembered Sets 1.654ms
[2023-04-05T21:59:22.316+0700][5.580s] GC(2) Pause Cleanup
[2023-04-05T21:59:22.316+0700][5.581s] GC(2) Pause Cleanup 16M->16M(512M) 0.145ms
[2023-04-05T21:59:22.316+0700][5.581s] GC(2) User=0.00s Sys=0.00s Real=0.00s
[2023-04-05T21:59:22.316+0700][5.581s] GC(2) Concurrent Cleanup for Next Mark
[2023-04-05T21:59:22.316+0700][5.581s] GC(2) Concurrent Cleanup for Next Mark 0.371ms
[2023-04-05T21:59:22.316+0700][5.581s] GC(2) Concurrent Cycle 10.148ms
[2023-04-05T21:59:23.385+0700][6.650s] GC(3) Pause Young (Normal) (G1 Evacuation Pause)
[2023-04-05T21:59:23.385+0700][6.650s] GC(3) Using 8 workers of 8 for evacuation
[2023-04-05T21:59:23.393+0700][6.658s] GC(3)   Pre Evacuate Collection Set: 0.0ms
[2023-04-05T21:59:23.393+0700][6.658s] GC(3)   Evacuate Collection Set: 7.6ms
[2023-04-05T21:59:23.393+0700][6.658s] GC(3)   Post Evacuate Collection Set: 0.8ms
[2023-04-05T21:59:23.393+0700][6.658s] GC(3)   Other: 0.1ms
[2023-04-05T21:59:23.393+0700][6.658s] GC(3) Eden regions: 51->0(73)
[2023-04-05T21:59:23.393+0700][6.658s] GC(3) Survivor regions: 12->8(8)
[2023-04-05T21:59:23.393+0700][6.658s] GC(3) Old regions: 0->12
[2023-04-05T21:59:23.393+0700][6.658s] GC(3) Humongous regions: 4->4
[2023-04-05T21:59:23.393+0700][6.658s] GC(3) Metaspace: 24462K->24462K(1071104K)
[2023-04-05T21:59:23.394+0700][6.659s] GC(3) Pause Young (Normal) (G1 Evacuation Pause) 66M->23M(512M) 8.816ms
[2023-04-05T21:59:23.394+0700][6.659s] GC(3) User=0.00s Sys=0.00s Real=0.01s
[2023-04-05T21:59:24.366+0700][7.631s] GC(4) Pause Young (Normal) (G1 Evacuation Pause)
[2023-04-05T21:59:24.366+0700][7.631s] GC(4) Using 8 workers of 8 for evacuation
[2023-04-05T21:59:24.369+0700][7.634s] GC(4)   Pre Evacuate Collection Set: 0.0ms
[2023-04-05T21:59:24.369+0700][7.634s] GC(4)   Evacuate Collection Set: 2.3ms
[2023-04-05T21:59:24.369+0700][7.634s] GC(4)   Post Evacuate Collection Set: 0.3ms
[2023-04-05T21:59:24.369+0700][7.634s] GC(4)   Other: 0.2ms
[2023-04-05T21:59:24.369+0700][7.634s] GC(4) Eden regions: 73->0(115)
[2023-04-05T21:59:24.369+0700][7.634s] GC(4) Survivor regions: 8->2(11)
[2023-04-05T21:59:24.369+0700][7.634s] GC(4) Old regions: 12->20
[2023-04-05T21:59:24.369+0700][7.634s] GC(4) Humongous regions: 4->4
[2023-04-05T21:59:24.369+0700][7.634s] GC(4) Metaspace: 32238K->32238K(1079296K)
[2023-04-05T21:59:24.369+0700][7.634s] GC(4) Pause Young (Normal) (G1 Evacuation Pause) 96M->25M(512M) 3.068ms
[2023-04-05T21:59:24.369+0700][7.634s] GC(4) User=0.00s Sys=0.00s Real=0.00s
[2023-04-05T21:59:24.601+0700][7.866s] GC(5) Pause Young (Concurrent Start) (Metadata GC Threshold)
[2023-04-05T21:59:24.601+0700][7.866s] GC(5) Using 8 workers of 8 for evacuation
[2023-04-05T21:59:24.604+0700][7.868s] GC(5)   Pre Evacuate Collection Set: 0.0ms
[2023-04-05T21:59:24.604+0700][7.868s] GC(5)   Evacuate Collection Set: 2.1ms
[2023-04-05T21:59:24.604+0700][7.869s] GC(5)   Post Evacuate Collection Set: 0.4ms
[2023-04-05T21:59:24.604+0700][7.869s] GC(5)   Other: 0.2ms
[2023-04-05T21:59:24.604+0700][7.869s] GC(5) Eden regions: 11->0(128)
[2023-04-05T21:59:24.604+0700][7.869s] GC(5) Survivor regions: 2->2(15)
[2023-04-05T21:59:24.604+0700][7.869s] GC(5) Old regions: 20->20
[2023-04-05T21:59:24.604+0700][7.869s] GC(5) Humongous regions: 4->4
[2023-04-05T21:59:24.604+0700][7.869s] GC(5) Metaspace: 35025K->35025K(1081344K)
[2023-04-05T21:59:24.604+0700][7.869s] GC(5) Pause Young (Concurrent Start) (Metadata GC Threshold) 36M->25M(512M) 2.975ms
[2023-04-05T21:59:24.604+0700][7.869s] GC(5) User=0.00s Sys=0.00s Real=0.00s
[2023-04-05T21:59:24.604+0700][7.869s] GC(6) Concurrent Cycle
[2023-04-05T21:59:24.604+0700][7.869s] GC(6) Concurrent Clear Claimed Marks
[2023-04-05T21:59:24.604+0700][7.869s] GC(6) Concurrent Clear Claimed Marks 0.060ms
[2023-04-05T21:59:24.604+0700][7.869s] GC(6) Concurrent Scan Root Regions
[2023-04-05T21:59:24.606+0700][7.870s] GC(6) Concurrent Scan Root Regions 1.309ms
[2023-04-05T21:59:24.606+0700][7.870s] GC(6) Concurrent Mark (7.870s)
[2023-04-05T21:59:24.606+0700][7.870s] GC(6) Concurrent Mark From Roots
[2023-04-05T21:59:24.606+0700][7.870s] GC(6) Using 2 workers of 2 for marking
[2023-04-05T21:59:24.629+0700][7.893s] GC(6) Concurrent Mark From Roots 22.878ms
[2023-04-05T21:59:24.629+0700][7.893s] GC(6) Concurrent Preclean
[2023-04-05T21:59:24.629+0700][7.893s] GC(6) Concurrent Preclean 0.238ms
[2023-04-05T21:59:24.629+0700][7.894s] GC(6) Concurrent Mark (7.870s, 7.894s) 23.238ms
[2023-04-05T21:59:24.629+0700][7.894s] GC(6) Pause Remark
[2023-04-05T21:59:24.631+0700][7.896s] GC(6) Cleaned string and symbol table, strings: 15794 processed, 27 removed, symbols: 114977 processed, 41 removed
[2023-04-05T21:59:24.632+0700][7.896s] GC(6) Pause Remark 26M->26M(512M) 2.544ms
[2023-04-05T21:59:24.632+0700][7.896s] GC(6) User=0.00s Sys=0.00s Real=0.00s
[2023-04-05T21:59:24.632+0700][7.896s] GC(6) Concurrent Rebuild Remembered Sets
[2023-04-05T21:59:24.642+0700][7.907s] GC(6) Concurrent Rebuild Remembered Sets 10.517ms
[2023-04-05T21:59:24.643+0700][7.907s] GC(6) Pause Cleanup
[2023-04-05T21:59:24.643+0700][7.907s] GC(6) Pause Cleanup 27M->27M(512M) 0.117ms
[2023-04-05T21:59:24.643+0700][7.907s] GC(6) User=0.00s Sys=0.00s Real=0.00s
[2023-04-05T21:59:24.643+0700][7.907s] GC(6) Concurrent Cleanup for Next Mark
[2023-04-05T21:59:24.643+0700][7.908s] GC(6) Concurrent Cleanup for Next Mark 0.347ms
[2023-04-05T21:59:24.643+0700][7.908s] GC(6) Concurrent Cycle 38.957ms
[2023-04-05T21:59:35.584+0700][18.849s] GC(7) Pause Young (Normal) (G1 Evacuation Pause)
[2023-04-05T21:59:35.584+0700][18.849s] GC(7) Using 8 workers of 8 for evacuation
[2023-04-05T21:59:35.591+0700][18.855s] GC(7)   Pre Evacuate Collection Set: 0.0ms
[2023-04-05T21:59:35.591+0700][18.856s] GC(7)   Evacuate Collection Set: 6.2ms
[2023-04-05T21:59:35.591+0700][18.856s] GC(7)   Post Evacuate Collection Set: 0.5ms
[2023-04-05T21:59:35.591+0700][18.856s] GC(7)   Other: 0.2ms
[2023-04-05T21:59:35.591+0700][18.856s] GC(7) Eden regions: 133->0(199)
[2023-04-05T21:59:35.591+0700][18.856s] GC(7) Survivor regions: 2->9(17)
[2023-04-05T21:59:35.591+0700][18.856s] GC(7) Old regions: 20->20
[2023-04-05T21:59:35.591+0700][18.856s] GC(7) Humongous regions: 5->4
[2023-04-05T21:59:35.591+0700][18.856s] GC(7) Metaspace: 45923K->45923K(1091584K)
[2023-04-05T21:59:35.591+0700][18.856s] GC(7) Pause Young (Normal) (G1 Evacuation Pause) 159M->32M(512M) 7.192ms
[2023-04-05T21:59:35.591+0700][18.856s] GC(7) User=0.02s Sys=0.00s Real=0.01s
[2023-04-05T21:59:50.132+0700][33.397s] GC(8) Pause Young (Normal) (G1 Evacuation Pause)
[2023-04-05T21:59:50.132+0700][33.397s] GC(8) Using 8 workers of 8 for evacuation
[2023-04-05T21:59:50.145+0700][33.410s] GC(8)   Pre Evacuate Collection Set: 0.0ms
[2023-04-05T21:59:50.145+0700][33.410s] GC(8)   Evacuate Collection Set: 12.2ms
[2023-04-05T21:59:50.145+0700][33.410s] GC(8)   Post Evacuate Collection Set: 0.6ms
[2023-04-05T21:59:50.145+0700][33.410s] GC(8)   Other: 0.5ms
[2023-04-05T21:59:50.145+0700][33.410s] GC(8) Eden regions: 199->0(251)
[2023-04-05T21:59:50.145+0700][33.410s] GC(8) Survivor regions: 9->20(26)
[2023-04-05T21:59:50.145+0700][33.410s] GC(8) Old regions: 20->20
[2023-04-05T21:59:50.145+0700][33.410s] GC(8) Humongous regions: 4->4
[2023-04-05T21:59:50.145+0700][33.410s] GC(8) Metaspace: 57510K->57510K(1101824K)
[2023-04-05T21:59:50.145+0700][33.410s] GC(8) Pause Young (Normal) (G1 Evacuation Pause) 231M->42M(512M) 13.420ms
[2023-04-05T21:59:50.146+0700][33.410s] GC(8) User=0.00s Sys=0.00s Real=0.01s
[2023-04-05T22:21:59.150+0700][1362.415s] GC(9) Pause Young (Concurrent Start) (Metadata GC Threshold)
[2023-04-05T22:21:59.150+0700][1362.415s] GC(9) Using 8 workers of 8 for evacuation
[2023-04-05T22:21:59.162+0700][1362.427s] GC(9)   Pre Evacuate Collection Set: 0.2ms
[2023-04-05T22:21:59.162+0700][1362.427s] GC(9)   Evacuate Collection Set: 11.0ms
[2023-04-05T22:21:59.163+0700][1362.427s] GC(9)   Post Evacuate Collection Set: 0.9ms
[2023-04-05T22:21:59.163+0700][1362.427s] GC(9)   Other: 0.5ms
[2023-04-05T22:21:59.163+0700][1362.427s] GC(9) Eden regions: 36->0(261)
[2023-04-05T22:21:59.163+0700][1362.427s] GC(9) Survivor regions: 20->21(34)
[2023-04-05T22:21:59.163+0700][1362.427s] GC(9) Old regions: 20->22
[2023-04-05T22:21:59.163+0700][1362.427s] GC(9) Humongous regions: 4->4
[2023-04-05T22:21:59.163+0700][1362.427s] GC(9) Metaspace: 58755K->58755K(1101824K)
[2023-04-05T22:21:59.163+0700][1362.428s] GC(9) Pause Young (Concurrent Start) (Metadata GC Threshold) 78M->45M(512M) 12.940ms
[2023-04-05T22:21:59.163+0700][1362.428s] GC(9) User=0.00s Sys=0.00s Real=0.01s
[2023-04-05T22:21:59.163+0700][1362.428s] GC(10) Concurrent Cycle
[2023-04-05T22:21:59.163+0700][1362.428s] GC(10) Concurrent Clear Claimed Marks
[2023-04-05T22:21:59.163+0700][1362.428s] GC(10) Concurrent Clear Claimed Marks 0.088ms
[2023-04-05T22:21:59.163+0700][1362.428s] GC(10) Concurrent Scan Root Regions
[2023-04-05T22:21:59.170+0700][1362.435s] GC(10) Concurrent Scan Root Regions 7.256ms
[2023-04-05T22:21:59.170+0700][1362.435s] GC(10) Concurrent Mark (1362.435s)
[2023-04-05T22:21:59.170+0700][1362.435s] GC(10) Concurrent Mark From Roots
[2023-04-05T22:21:59.170+0700][1362.435s] GC(10) Using 2 workers of 2 for marking
[2023-04-05T22:21:59.185+0700][1362.450s] GC(10) Concurrent Mark From Roots 14.989ms
[2023-04-05T22:21:59.185+0700][1362.450s] GC(10) Concurrent Preclean
[2023-04-05T22:21:59.185+0700][1362.450s] GC(10) Concurrent Preclean 0.264ms
[2023-04-05T22:21:59.185+0700][1362.450s] GC(10) Concurrent Mark (1362.435s, 1362.450s) 15.361ms
[2023-04-05T22:21:59.185+0700][1362.451s] GC(10) Pause Remark
[2023-04-05T22:21:59.192+0700][1362.457s] GC(10) Cleaned string and symbol table, strings: 28192 processed, 990 removed, symbols: 178111 processed, 579 removed
[2023-04-05T22:21:59.193+0700][1362.458s] GC(10) Pause Remark 48M->48M(512M) 7.137ms
[2023-04-05T22:21:59.193+0700][1362.458s] GC(10) User=0.00s Sys=0.00s Real=0.01s
[2023-04-05T22:21:59.193+0700][1362.458s] GC(10) Concurrent Rebuild Remembered Sets
[2023-04-05T22:21:59.201+0700][1362.466s] GC(10) Concurrent Rebuild Remembered Sets 8.079ms
[2023-04-05T22:21:59.201+0700][1362.466s] GC(10) Pause Cleanup
[2023-04-05T22:21:59.201+0700][1362.466s] GC(10) Pause Cleanup 48M->48M(512M) 0.132ms
[2023-04-05T22:21:59.201+0700][1362.466s] GC(10) User=0.00s Sys=0.00s Real=0.00s
[2023-04-05T22:21:59.201+0700][1362.467s] GC(10) Concurrent Cleanup for Next Mark
[2023-04-05T22:21:59.204+0700][1362.469s] GC(10) Concurrent Cleanup for Next Mark 2.598ms
[2023-04-05T22:21:59.204+0700][1362.469s] GC(10) Concurrent Cycle 41.593ms
