[2023-03-30T12:00:00.965+0700][0.036s] Heap region size: 1M
[2023-03-30T12:00:01.343+0700][0.414s] Using G1
[2023-03-30T12:00:01.343+0700][0.414s] Heap address: 0x00000000e0000000, size: 512 MB, Compressed Oops mode: 32-bit
[2023-03-30T12:00:12.275+0700][11.346s] GC(0) Pause Young (Normal) (G1 Evacuation Pause)
[2023-03-30T12:00:12.276+0700][11.347s] GC(0) Using 8 workers of 8 for evacuation
[2023-03-30T12:00:12.417+0700][11.488s] GC(0)   Pre Evacuate Collection Set: 0.0ms
[2023-03-30T12:00:12.417+0700][11.488s] GC(0)   Evacuate Collection Set: 140.0ms
[2023-03-30T12:00:12.417+0700][11.488s] GC(0)   Post Evacuate Collection Set: 0.8ms
[2023-03-30T12:00:12.417+0700][11.488s] GC(0)   Other: 1.2ms
[2023-03-30T12:00:12.417+0700][11.488s] GC(0) Eden regions: 30->0(303)
[2023-03-30T12:00:12.417+0700][11.488s] GC(0) Survivor regions: 0->4(4)
[2023-03-30T12:00:12.417+0700][11.488s] GC(0) Old regions: 0->0
[2023-03-30T12:00:12.417+0700][11.488s] GC(0) Humongous regions: 0->0
[2023-03-30T12:00:12.417+0700][11.488s] GC(0) Metaspace: 14769K->14769K(1062912K)
[2023-03-30T12:00:12.417+0700][11.489s] GC(0) Pause Young (Normal) (G1 Evacuation Pause) 30M->3M(512M) 142.493ms
[2023-03-30T12:00:12.417+0700][11.489s] GC(0) User=0.16s Sys=0.00s Real=0.14s
[2023-03-30T12:00:13.362+0700][12.434s] GC(1) Pause Young (Concurrent Start) (Metadata GC Threshold)
[2023-03-30T12:00:13.362+0700][12.434s] GC(1) Using 8 workers of 8 for evacuation
[2023-03-30T12:00:13.375+0700][12.447s] GC(1)   Pre Evacuate Collection Set: 0.0ms
[2023-03-30T12:00:13.375+0700][12.447s] GC(1)   Evacuate Collection Set: 12.1ms
[2023-03-30T12:00:13.375+0700][12.447s] GC(1)   Post Evacuate Collection Set: 0.8ms
[2023-03-30T12:00:13.375+0700][12.447s] GC(1)   Other: 0.4ms
[2023-03-30T12:00:13.376+0700][12.447s] GC(1) Eden regions: 21->0(82)
[2023-03-30T12:00:13.376+0700][12.447s] GC(1) Survivor regions: 4->12(39)
[2023-03-30T12:00:13.376+0700][12.447s] GC(1) Old regions: 0->0
[2023-03-30T12:00:13.376+0700][12.447s] GC(1) Humongous regions: 4->4
[2023-03-30T12:00:13.376+0700][12.447s] GC(1) Metaspace: 20667K->20667K(1069056K)
[2023-03-30T12:00:13.376+0700][12.447s] GC(1) Pause Young (Concurrent Start) (Metadata GC Threshold) 28M->15M(512M) 13.627ms
[2023-03-30T12:00:13.376+0700][12.447s] GC(1) User=0.00s Sys=0.00s Real=0.01s
[2023-03-30T12:00:13.376+0700][12.448s] GC(2) Concurrent Cycle
[2023-03-30T12:00:13.376+0700][12.448s] GC(2) Concurrent Clear Claimed Marks
[2023-03-30T12:00:13.377+0700][12.448s] GC(2) Concurrent Clear Claimed Marks 0.041ms
[2023-03-30T12:00:13.377+0700][12.448s] GC(2) Concurrent Scan Root Regions
[2023-03-30T12:00:13.383+0700][12.454s] GC(2) Concurrent Scan Root Regions 6.048ms
[2023-03-30T12:00:13.383+0700][12.454s] GC(2) Concurrent Mark (12.454s)
[2023-03-30T12:00:13.383+0700][12.454s] GC(2) Concurrent Mark From Roots
[2023-03-30T12:00:13.383+0700][12.454s] GC(2) Using 2 workers of 2 for marking
[2023-03-30T12:00:13.384+0700][12.456s] GC(2) Concurrent Mark From Roots 1.940ms
[2023-03-30T12:00:13.384+0700][12.456s] GC(2) Concurrent Preclean
[2023-03-30T12:00:13.384+0700][12.456s] GC(2) Concurrent Preclean 0.189ms
[2023-03-30T12:00:13.384+0700][12.456s] GC(2) Concurrent Mark (12.454s, 12.456s) 2.292ms
[2023-03-30T12:00:13.386+0700][12.457s] GC(2) Pause Remark
[2023-03-30T12:00:13.389+0700][12.460s] GC(2) Cleaned string and symbol table, strings: 9713 processed, 0 removed, symbols: 68612 processed, 20 removed
[2023-03-30T12:00:13.389+0700][12.460s] GC(2) Pause Remark 16M->16M(512M) 3.622ms
[2023-03-30T12:00:13.390+0700][12.460s] GC(2) User=0.00s Sys=0.00s Real=0.00s
[2023-03-30T12:00:13.390+0700][12.460s] GC(2) Concurrent Rebuild Remembered Sets
[2023-03-30T12:00:13.392+0700][12.462s] GC(2) Concurrent Rebuild Remembered Sets 1.988ms
[2023-03-30T12:00:13.392+0700][12.462s] GC(2) Pause Cleanup
[2023-03-30T12:00:13.392+0700][12.463s] GC(2) Pause Cleanup 16M->16M(512M) 0.112ms
[2023-03-30T12:00:13.392+0700][12.463s] GC(2) User=0.00s Sys=0.00s Real=0.00s
[2023-03-30T12:00:13.392+0700][12.463s] GC(2) Concurrent Cleanup for Next Mark
[2023-03-30T12:00:13.392+0700][12.463s] GC(2) Concurrent Cleanup for Next Mark 0.481ms
[2023-03-30T12:00:13.393+0700][12.463s] GC(2) Concurrent Cycle 15.612ms
[2023-03-30T12:00:15.562+0700][14.634s] GC(3) Pause Young (Normal) (G1 Evacuation Pause)
[2023-03-30T12:00:15.562+0700][14.634s] GC(3) Using 8 workers of 8 for evacuation
[2023-03-30T12:00:15.574+0700][14.645s] GC(3)   Pre Evacuate Collection Set: 0.0ms
[2023-03-30T12:00:15.574+0700][14.645s] GC(3)   Evacuate Collection Set: 9.3ms
[2023-03-30T12:00:15.574+0700][14.645s] GC(3)   Post Evacuate Collection Set: 1.4ms
[2023-03-30T12:00:15.574+0700][14.645s] GC(3)   Other: 0.3ms
[2023-03-30T12:00:15.574+0700][14.645s] GC(3) Eden regions: 48->0(69)
[2023-03-30T12:00:15.574+0700][14.645s] GC(3) Survivor regions: 12->8(8)
[2023-03-30T12:00:15.574+0700][14.645s] GC(3) Old regions: 0->12
[2023-03-30T12:00:15.574+0700][14.645s] GC(3) Humongous regions: 4->4
[2023-03-30T12:00:15.574+0700][14.645s] GC(3) Metaspace: 24398K->24398K(1071104K)
[2023-03-30T12:00:15.574+0700][14.645s] GC(3) Pause Young (Normal) (G1 Evacuation Pause) 63M->23M(512M) 11.246ms
[2023-03-30T12:00:15.574+0700][14.645s] GC(3) User=0.06s Sys=0.00s Real=0.01s
[2023-03-30T12:00:18.129+0700][17.200s] GC(4) Pause Young (Normal) (G1 Evacuation Pause)
[2023-03-30T12:00:18.129+0700][17.200s] GC(4) Using 8 workers of 8 for evacuation
[2023-03-30T12:00:18.134+0700][17.205s] GC(4)   Pre Evacuate Collection Set: 0.0ms
[2023-03-30T12:00:18.134+0700][17.205s] GC(4)   Evacuate Collection Set: 4.4ms
[2023-03-30T12:00:18.134+0700][17.205s] GC(4)   Post Evacuate Collection Set: 0.5ms
[2023-03-30T12:00:18.134+0700][17.205s] GC(4)   Other: 0.3ms
[2023-03-30T12:00:18.134+0700][17.205s] GC(4) Eden regions: 69->0(110)
[2023-03-30T12:00:18.134+0700][17.205s] GC(4) Survivor regions: 8->2(10)
[2023-03-30T12:00:18.134+0700][17.205s] GC(4) Old regions: 12->20
[2023-03-30T12:00:18.134+0700][17.205s] GC(4) Humongous regions: 4->4
[2023-03-30T12:00:18.134+0700][17.205s] GC(4) Metaspace: 31829K->31829K(1079296K)
[2023-03-30T12:00:18.134+0700][17.205s] GC(4) Pause Young (Normal) (G1 Evacuation Pause) 92M->25M(512M) 5.416ms
[2023-03-30T12:00:18.134+0700][17.205s] GC(4) User=0.00s Sys=0.00s Real=0.01s
[2023-03-30T12:00:18.967+0700][18.038s] GC(5) Pause Young (Concurrent Start) (Metadata GC Threshold)
[2023-03-30T12:00:18.967+0700][18.038s] GC(5) Using 8 workers of 8 for evacuation
[2023-03-30T12:00:18.972+0700][18.044s] GC(5)   Pre Evacuate Collection Set: 1.0ms
[2023-03-30T12:00:18.973+0700][18.044s] GC(5)   Evacuate Collection Set: 3.8ms
[2023-03-30T12:00:18.973+0700][18.044s] GC(5)   Post Evacuate Collection Set: 0.3ms
[2023-03-30T12:00:18.973+0700][18.044s] GC(5)   Other: 0.4ms
[2023-03-30T12:00:18.973+0700][18.044s] GC(5) Eden regions: 16->0(119)
[2023-03-30T12:00:18.973+0700][18.044s] GC(5) Survivor regions: 2->3(14)
[2023-03-30T12:00:18.973+0700][18.044s] GC(5) Old regions: 20->20
[2023-03-30T12:00:18.973+0700][18.044s] GC(5) Humongous regions: 4->4
[2023-03-30T12:00:18.973+0700][18.044s] GC(5) Metaspace: 34981K->34981K(1081344K)
[2023-03-30T12:00:18.973+0700][18.044s] GC(5) Pause Young (Concurrent Start) (Metadata GC Threshold) 41M->25M(512M) 5.837ms
[2023-03-30T12:00:18.973+0700][18.044s] GC(5) User=0.00s Sys=0.00s Real=0.01s
[2023-03-30T12:00:18.973+0700][18.044s] GC(6) Concurrent Cycle
[2023-03-30T12:00:18.973+0700][18.044s] GC(6) Concurrent Clear Claimed Marks
[2023-03-30T12:00:18.973+0700][18.044s] GC(6) Concurrent Clear Claimed Marks 0.051ms
[2023-03-30T12:00:18.973+0700][18.044s] GC(6) Concurrent Scan Root Regions
[2023-03-30T12:00:18.975+0700][18.046s] GC(6) Concurrent Scan Root Regions 1.437ms
[2023-03-30T12:00:18.975+0700][18.046s] GC(6) Concurrent Mark (18.046s)
[2023-03-30T12:00:18.975+0700][18.046s] GC(6) Concurrent Mark From Roots
[2023-03-30T12:00:18.975+0700][18.046s] GC(6) Using 2 workers of 2 for marking
[2023-03-30T12:00:19.005+0700][18.076s] GC(6) Concurrent Mark From Roots 29.546ms
[2023-03-30T12:00:19.005+0700][18.076s] GC(6) Concurrent Preclean
[2023-03-30T12:00:19.005+0700][18.076s] GC(6) Concurrent Preclean 0.425ms
[2023-03-30T12:00:19.005+0700][18.076s] GC(6) Concurrent Mark (18.046s, 18.076s) 30.201ms
[2023-03-30T12:00:19.006+0700][18.077s] GC(6) Pause Remark
[2023-03-30T12:00:19.011+0700][18.082s] GC(6) Cleaned string and symbol table, strings: 15748 processed, 26 removed, symbols: 114702 processed, 42 removed
[2023-03-30T12:00:19.012+0700][18.083s] GC(6) Pause Remark 26M->26M(512M) 6.037ms
[2023-03-30T12:00:19.012+0700][18.083s] GC(6) User=0.03s Sys=0.00s Real=0.01s
[2023-03-30T12:00:19.012+0700][18.083s] GC(6) Concurrent Rebuild Remembered Sets
[2023-03-30T12:00:19.031+0700][18.103s] GC(6) Concurrent Rebuild Remembered Sets 19.186ms
[2023-03-30T12:00:19.032+0700][18.103s] GC(6) Pause Cleanup
[2023-03-30T12:00:19.032+0700][18.104s] GC(6) Pause Cleanup 26M->26M(512M) 0.187ms
[2023-03-30T12:00:19.032+0700][18.104s] GC(6) User=0.02s Sys=0.00s Real=0.00s
[2023-03-30T12:00:19.033+0700][18.104s] GC(6) Concurrent Cleanup for Next Mark
[2023-03-30T12:00:19.033+0700][18.104s] GC(6) Concurrent Cleanup for Next Mark 0.397ms
[2023-03-30T12:00:19.033+0700][18.104s] GC(6) Concurrent Cycle 59.845ms
[2023-03-30T12:00:30.449+0700][29.521s] GC(7) Pause Young (Normal) (G1 Evacuation Pause)
[2023-03-30T12:00:30.449+0700][29.521s] GC(7) Using 8 workers of 8 for evacuation
[2023-03-30T12:00:30.456+0700][29.527s] GC(7)   Pre Evacuate Collection Set: 0.0ms
[2023-03-30T12:00:30.456+0700][29.527s] GC(7)   Evacuate Collection Set: 5.8ms
[2023-03-30T12:00:30.456+0700][29.527s] GC(7)   Post Evacuate Collection Set: 0.6ms
[2023-03-30T12:00:30.456+0700][29.527s] GC(7)   Other: 0.2ms
[2023-03-30T12:00:30.456+0700][29.527s] GC(7) Eden regions: 123->0(297)
[2023-03-30T12:00:30.456+0700][29.527s] GC(7) Survivor regions: 3->10(16)
[2023-03-30T12:00:30.456+0700][29.527s] GC(7) Old regions: 20->20
[2023-03-30T12:00:30.456+0700][29.527s] GC(7) Humongous regions: 5->4
[2023-03-30T12:00:30.456+0700][29.527s] GC(7) Metaspace: 45963K->45963K(1091584K)
[2023-03-30T12:00:30.456+0700][29.527s] GC(7) Pause Young (Normal) (G1 Evacuation Pause) 149M->32M(512M) 6.806ms
[2023-03-30T12:00:30.456+0700][29.527s] GC(7) User=0.02s Sys=0.00s Real=0.01s
[2023-03-30T12:02:22.450+0700][141.521s] GC(8) Pause Young (Concurrent Start) (Metadata GC Threshold)
[2023-03-30T12:02:22.450+0700][141.521s] GC(8) Using 8 workers of 8 for evacuation
[2023-03-30T12:02:22.462+0700][141.533s] GC(8)   Pre Evacuate Collection Set: 0.1ms
[2023-03-30T12:02:22.462+0700][141.533s] GC(8)   Evacuate Collection Set: 11.2ms
[2023-03-30T12:02:22.462+0700][141.533s] GC(8)   Post Evacuate Collection Set: 1.1ms
[2023-03-30T12:02:22.462+0700][141.533s] GC(8)   Other: 0.3ms
[2023-03-30T12:02:22.462+0700][141.533s] GC(8) Eden regions: 230->0(285)
[2023-03-30T12:02:22.462+0700][141.533s] GC(8) Survivor regions: 10->22(39)
[2023-03-30T12:02:22.462+0700][141.533s] GC(8) Old regions: 20->20
[2023-03-30T12:02:22.462+0700][141.533s] GC(8) Humongous regions: 4->4
[2023-03-30T12:02:22.462+0700][141.533s] GC(8) Metaspace: 58799K->58799K(1101824K)
[2023-03-30T12:02:22.462+0700][141.534s] GC(8) Pause Young (Concurrent Start) (Metadata GC Threshold) 262M->45M(512M) 12.882ms
[2023-03-30T12:02:22.462+0700][141.534s] GC(8) User=0.00s Sys=0.00s Real=0.01s
[2023-03-30T12:02:22.462+0700][141.534s] GC(9) Concurrent Cycle
[2023-03-30T12:02:22.462+0700][141.534s] GC(9) Concurrent Clear Claimed Marks
[2023-03-30T12:02:22.462+0700][141.534s] GC(9) Concurrent Clear Claimed Marks 0.090ms
[2023-03-30T12:02:22.462+0700][141.534s] GC(9) Concurrent Scan Root Regions
[2023-03-30T12:02:22.474+0700][141.545s] GC(9) Concurrent Scan Root Regions 10.760ms
[2023-03-30T12:02:22.474+0700][141.545s] GC(9) Concurrent Mark (141.545s)
[2023-03-30T12:02:22.474+0700][141.545s] GC(9) Concurrent Mark From Roots
[2023-03-30T12:02:22.474+0700][141.545s] GC(9) Using 2 workers of 2 for marking
[2023-03-30T12:02:22.492+0700][141.563s] GC(9) Concurrent Mark From Roots 18.541ms
[2023-03-30T12:02:22.492+0700][141.563s] GC(9) Concurrent Preclean
[2023-03-30T12:02:22.492+0700][141.564s] GC(9) Concurrent Preclean 0.206ms
[2023-03-30T12:02:22.492+0700][141.564s] GC(9) Concurrent Mark (141.545s, 141.564s) 18.904ms
[2023-03-30T12:02:22.492+0700][141.564s] GC(9) Pause Remark
[2023-03-30T12:02:22.497+0700][141.568s] GC(9) Cleaned string and symbol table, strings: 28072 processed, 0 removed, symbols: 178250 processed, 578 removed
[2023-03-30T12:02:22.497+0700][141.568s] GC(9) Pause Remark 46M->46M(512M) 4.639ms
[2023-03-30T12:02:22.498+0700][141.568s] GC(9) User=0.02s Sys=0.00s Real=0.01s
[2023-03-30T12:02:22.498+0700][141.569s] GC(9) Concurrent Rebuild Remembered Sets
[2023-03-30T12:02:22.503+0700][141.574s] GC(9) Concurrent Rebuild Remembered Sets 5.632ms
[2023-03-30T12:02:22.503+0700][141.574s] GC(9) Pause Cleanup
[2023-03-30T12:02:22.504+0700][141.575s] GC(9) Pause Cleanup 46M->46M(512M) 0.237ms
[2023-03-30T12:02:22.504+0700][141.575s] GC(9) User=0.00s Sys=0.00s Real=0.00s
[2023-03-30T12:02:22.504+0700][141.575s] GC(9) Concurrent Cleanup for Next Mark
[2023-03-30T12:02:22.504+0700][141.575s] GC(9) Concurrent Cleanup for Next Mark 0.624ms
[2023-03-30T12:02:22.504+0700][141.575s] GC(9) Concurrent Cycle 41.720ms
[2023-03-30T21:07:41.353+0700][32869.088s] GC(10) Pause Young (Normal) (G1 Evacuation Pause)
[2023-03-30T21:07:41.354+0700][32869.089s] GC(10) Using 8 workers of 8 for evacuation
[2023-03-30T21:07:41.400+0700][32869.136s] GC(10)   Pre Evacuate Collection Set: 0.9ms
[2023-03-30T21:07:41.400+0700][32869.136s] GC(10)   Evacuate Collection Set: 42.1ms
[2023-03-30T21:07:41.400+0700][32869.136s] GC(10)   Post Evacuate Collection Set: 2.9ms
[2023-03-30T21:07:41.400+0700][32869.136s] GC(10)   Other: 2.6ms
[2023-03-30T21:07:41.400+0700][32869.136s] GC(10) Eden regions: 285->0(285)
[2023-03-30T21:07:41.400+0700][32869.136s] GC(10) Survivor regions: 22->22(39)
[2023-03-30T21:07:41.401+0700][32869.136s] GC(10) Old regions: 20->22
[2023-03-30T21:07:41.401+0700][32869.136s] GC(10) Humongous regions: 4->4
[2023-03-30T21:07:41.401+0700][32869.136s] GC(10) Metaspace: 60597K->60597K(1103872K)
[2023-03-30T21:07:41.401+0700][32869.136s] GC(10) Pause Young (Normal) (G1 Evacuation Pause) 330M->46M(512M) 48.074ms
[2023-03-30T21:07:41.401+0700][32869.136s] GC(10) User=0.13s Sys=0.03s Real=0.05s
