[2023-03-29T17:36:24.879+0700][0.018s] Heap region size: 1M
[2023-03-29T17:36:25.269+0700][0.408s] Using G1
[2023-03-29T17:36:25.269+0700][0.408s] Heap address: 0x00000000e0000000, size: 512 MB, Compressed Oops mode: 32-bit
[2023-03-29T17:36:30.017+0700][5.157s] GC(0) Pause Young (Normal) (G1 Evacuation Pause)
[2023-03-29T17:36:30.019+0700][5.157s] GC(0) Using 8 workers of 8 for evacuation
[2023-03-29T17:36:30.025+0700][5.163s] GC(0)   Pre Evacuate Collection Set: 0.0ms
[2023-03-29T17:36:30.025+0700][5.164s] GC(0)   Evacuate Collection Set: 5.1ms
[2023-03-29T17:36:30.025+0700][5.164s] GC(0)   Post Evacuate Collection Set: 0.7ms
[2023-03-29T17:36:30.025+0700][5.164s] GC(0)   Other: 0.7ms
[2023-03-29T17:36:30.025+0700][5.164s] GC(0) Eden regions: 30->0(303)
[2023-03-29T17:36:30.025+0700][5.164s] GC(0) Survivor regions: 0->4(4)
[2023-03-29T17:36:30.025+0700][5.164s] GC(0) Old regions: 0->0
[2023-03-29T17:36:30.025+0700][5.164s] GC(0) Humongous regions: 0->0
[2023-03-29T17:36:30.025+0700][5.164s] GC(0) Metaspace: 14455K->14455K(1062912K)
[2023-03-29T17:36:30.025+0700][5.164s] GC(0) Pause Young (Normal) (G1 Evacuation Pause) 30M->3M(512M) 7.167ms
[2023-03-29T17:36:30.025+0700][5.164s] GC(0) User=0.02s Sys=0.00s Real=0.01s
[2023-03-29T17:36:30.689+0700][5.828s] GC(1) Pause Young (Concurrent Start) (Metadata GC Threshold)
[2023-03-29T17:36:30.689+0700][5.829s] GC(1) Using 8 workers of 8 for evacuation
[2023-03-29T17:36:30.705+0700][5.844s] GC(1)   Pre Evacuate Collection Set: 0.0ms
[2023-03-29T17:36:30.705+0700][5.844s] GC(1)   Evacuate Collection Set: 13.9ms
[2023-03-29T17:36:30.705+0700][5.844s] GC(1)   Post Evacuate Collection Set: 0.7ms
[2023-03-29T17:36:30.705+0700][5.844s] GC(1)   Other: 0.5ms
[2023-03-29T17:36:30.705+0700][5.844s] GC(1) Eden regions: 21->0(84)
[2023-03-29T17:36:30.705+0700][5.844s] GC(1) Survivor regions: 4->12(39)
[2023-03-29T17:36:30.705+0700][5.844s] GC(1) Old regions: 0->0
[2023-03-29T17:36:30.705+0700][5.844s] GC(1) Humongous regions: 4->4
[2023-03-29T17:36:30.705+0700][5.844s] GC(1) Metaspace: 20676K->20676K(1069056K)
[2023-03-29T17:36:30.705+0700][5.844s] GC(1) Pause Young (Concurrent Start) (Metadata GC Threshold) 28M->15M(512M) 15.526ms
[2023-03-29T17:36:30.705+0700][5.844s] GC(1) User=0.00s Sys=0.00s Real=0.02s
[2023-03-29T17:36:30.705+0700][5.844s] GC(2) Concurrent Cycle
[2023-03-29T17:36:30.705+0700][5.844s] GC(2) Concurrent Clear Claimed Marks
[2023-03-29T17:36:30.706+0700][5.844s] GC(2) Concurrent Clear Claimed Marks 0.056ms
[2023-03-29T17:36:30.706+0700][5.844s] GC(2) Concurrent Scan Root Regions
[2023-03-29T17:36:30.711+0700][5.850s] GC(2) Concurrent Scan Root Regions 5.512ms
[2023-03-29T17:36:30.711+0700][5.850s] GC(2) Concurrent Mark (5.850s)
[2023-03-29T17:36:30.711+0700][5.850s] GC(2) Concurrent Mark From Roots
[2023-03-29T17:36:30.711+0700][5.850s] GC(2) Using 2 workers of 2 for marking
[2023-03-29T17:36:30.713+0700][5.852s] GC(2) Concurrent Mark From Roots 1.901ms
[2023-03-29T17:36:30.713+0700][5.852s] GC(2) Concurrent Preclean
[2023-03-29T17:36:30.713+0700][5.852s] GC(2) Concurrent Preclean 0.201ms
[2023-03-29T17:36:30.713+0700][5.852s] GC(2) Concurrent Mark (5.850s, 5.852s) 2.233ms
[2023-03-29T17:36:30.713+0700][5.852s] GC(2) Pause Remark
[2023-03-29T17:36:30.715+0700][5.855s] GC(2) Cleaned string and symbol table, strings: 9728 processed, 0 removed, symbols: 68671 processed, 20 removed
[2023-03-29T17:36:30.716+0700][5.855s] GC(2) Pause Remark 16M->16M(512M) 2.595ms
[2023-03-29T17:36:30.716+0700][5.855s] GC(2) User=0.00s Sys=0.00s Real=0.00s
[2023-03-29T17:36:30.716+0700][5.855s] GC(2) Concurrent Rebuild Remembered Sets
[2023-03-29T17:36:30.719+0700][5.858s] GC(2) Concurrent Rebuild Remembered Sets 2.455ms
[2023-03-29T17:36:30.719+0700][5.858s] GC(2) Pause Cleanup
[2023-03-29T17:36:30.719+0700][5.858s] GC(2) Pause Cleanup 16M->16M(512M) 0.193ms
[2023-03-29T17:36:30.719+0700][5.858s] GC(2) User=0.00s Sys=0.00s Real=0.00s
[2023-03-29T17:36:30.719+0700][5.858s] GC(2) Concurrent Cleanup for Next Mark
[2023-03-29T17:36:30.719+0700][5.858s] GC(2) Concurrent Cleanup for Next Mark 0.402ms
[2023-03-29T17:36:30.720+0700][5.859s] GC(2) Concurrent Cycle 14.323ms
[2023-03-29T17:36:31.608+0700][6.747s] GC(3) Pause Young (Normal) (G1 Evacuation Pause)
[2023-03-29T17:36:31.608+0700][6.747s] GC(3) Using 8 workers of 8 for evacuation
[2023-03-29T17:36:31.618+0700][6.757s] GC(3)   Pre Evacuate Collection Set: 0.0ms
[2023-03-29T17:36:31.618+0700][6.757s] GC(3)   Evacuate Collection Set: 8.4ms
[2023-03-29T17:36:31.618+0700][6.757s] GC(3)   Post Evacuate Collection Set: 0.8ms
[2023-03-29T17:36:31.618+0700][6.757s] GC(3)   Other: 0.1ms
[2023-03-29T17:36:31.618+0700][6.757s] GC(3) Eden regions: 45->0(67)
[2023-03-29T17:36:31.618+0700][6.757s] GC(3) Survivor regions: 12->8(8)
[2023-03-29T17:36:31.618+0700][6.757s] GC(3) Old regions: 0->12
[2023-03-29T17:36:31.618+0700][6.757s] GC(3) Humongous regions: 4->4
[2023-03-29T17:36:31.618+0700][6.757s] GC(3) Metaspace: 24366K->24366K(1071104K)
[2023-03-29T17:36:31.618+0700][6.757s] GC(3) Pause Young (Normal) (G1 Evacuation Pause) 60M->23M(512M) 9.771ms
[2023-03-29T17:36:31.618+0700][6.757s] GC(3) User=0.03s Sys=0.00s Real=0.01s
[2023-03-29T17:36:32.617+0700][7.756s] GC(4) Pause Young (Normal) (G1 Evacuation Pause)
[2023-03-29T17:36:32.617+0700][7.756s] GC(4) Using 8 workers of 8 for evacuation
[2023-03-29T17:36:32.620+0700][7.760s] GC(4)   Pre Evacuate Collection Set: 0.0ms
[2023-03-29T17:36:32.620+0700][7.760s] GC(4)   Evacuate Collection Set: 2.4ms
[2023-03-29T17:36:32.620+0700][7.760s] GC(4)   Post Evacuate Collection Set: 0.7ms
[2023-03-29T17:36:32.620+0700][7.760s] GC(4)   Other: 0.3ms
[2023-03-29T17:36:32.620+0700][7.760s] GC(4) Eden regions: 67->0(109)
[2023-03-29T17:36:32.620+0700][7.760s] GC(4) Survivor regions: 8->2(10)
[2023-03-29T17:36:32.620+0700][7.760s] GC(4) Old regions: 12->20
[2023-03-29T17:36:32.620+0700][7.760s] GC(4) Humongous regions: 4->4
[2023-03-29T17:36:32.620+0700][7.760s] GC(4) Metaspace: 31457K->31457K(1077248K)
[2023-03-29T17:36:32.620+0700][7.760s] GC(4) Pause Young (Normal) (G1 Evacuation Pause) 90M->24M(512M) 3.892ms
[2023-03-29T17:36:32.621+0700][7.760s] GC(4) User=0.00s Sys=0.00s Real=0.00s
[2023-03-29T17:36:33.099+0700][8.238s] GC(5) Pause Young (Concurrent Start) (Metadata GC Threshold)
[2023-03-29T17:36:33.099+0700][8.238s] GC(5) Using 8 workers of 8 for evacuation
[2023-03-29T17:36:33.102+0700][8.241s] GC(5)   Pre Evacuate Collection Set: 0.0ms
[2023-03-29T17:36:33.102+0700][8.241s] GC(5)   Evacuate Collection Set: 2.6ms
[2023-03-29T17:36:33.102+0700][8.241s] GC(5)   Post Evacuate Collection Set: 0.3ms
[2023-03-29T17:36:33.102+0700][8.241s] GC(5)   Other: 0.2ms
[2023-03-29T17:36:33.102+0700][8.241s] GC(5) Eden regions: 28->0(133)
[2023-03-29T17:36:33.102+0700][8.241s] GC(5) Survivor regions: 2->3(14)
[2023-03-29T17:36:33.102+0700][8.241s] GC(5) Old regions: 20->20
[2023-03-29T17:36:33.102+0700][8.241s] GC(5) Humongous regions: 4->4
[2023-03-29T17:36:33.102+0700][8.241s] GC(5) Metaspace: 34993K->34993K(1081344K)
[2023-03-29T17:36:33.102+0700][8.241s] GC(5) Pause Young (Concurrent Start) (Metadata GC Threshold) 52M->25M(512M) 3.427ms
[2023-03-29T17:36:33.102+0700][8.241s] GC(5) User=0.00s Sys=0.00s Real=0.00s
[2023-03-29T17:36:33.102+0700][8.241s] GC(6) Concurrent Cycle
[2023-03-29T17:36:33.102+0700][8.241s] GC(6) Concurrent Clear Claimed Marks
[2023-03-29T17:36:33.102+0700][8.242s] GC(6) Concurrent Clear Claimed Marks 0.037ms
[2023-03-29T17:36:33.102+0700][8.242s] GC(6) Concurrent Scan Root Regions
[2023-03-29T17:36:33.104+0700][8.243s] GC(6) Concurrent Scan Root Regions 1.567ms
[2023-03-29T17:36:33.104+0700][8.243s] GC(6) Concurrent Mark (8.243s)
[2023-03-29T17:36:33.104+0700][8.243s] GC(6) Concurrent Mark From Roots
[2023-03-29T17:36:33.104+0700][8.243s] GC(6) Using 2 workers of 2 for marking
[2023-03-29T17:36:33.134+0700][8.273s] GC(6) Concurrent Mark From Roots 29.917ms
[2023-03-29T17:36:33.134+0700][8.273s] GC(6) Concurrent Preclean
[2023-03-29T17:36:33.135+0700][8.274s] GC(6) Concurrent Preclean 0.446ms
[2023-03-29T17:36:33.135+0700][8.274s] GC(6) Concurrent Mark (8.243s, 8.274s) 30.517ms
[2023-03-29T17:36:33.135+0700][8.274s] GC(6) Pause Remark
[2023-03-29T17:36:33.138+0700][8.277s] GC(6) Cleaned string and symbol table, strings: 15860 processed, 26 removed, symbols: 115564 processed, 43 removed
[2023-03-29T17:36:33.139+0700][8.277s] GC(6) Pause Remark 27M->27M(512M) 3.571ms
[2023-03-29T17:36:33.139+0700][8.278s] GC(6) User=0.03s Sys=0.00s Real=0.00s
[2023-03-29T17:36:33.139+0700][8.278s] GC(6) Concurrent Rebuild Remembered Sets
[2023-03-29T17:36:33.152+0700][8.292s] GC(6) Concurrent Rebuild Remembered Sets 14.228ms
[2023-03-29T17:36:33.153+0700][8.292s] GC(6) Pause Cleanup
[2023-03-29T17:36:33.153+0700][8.292s] GC(6) Pause Cleanup 28M->28M(512M) 0.147ms
[2023-03-29T17:36:33.153+0700][8.292s] GC(6) User=0.00s Sys=0.00s Real=0.00s
[2023-03-29T17:36:33.153+0700][8.292s] GC(6) Concurrent Cleanup for Next Mark
[2023-03-29T17:36:33.153+0700][8.293s] GC(6) Concurrent Cleanup for Next Mark 0.411ms
[2023-03-29T17:36:33.153+0700][8.293s] GC(6) Concurrent Cycle 51.341ms
[2023-03-29T17:36:44.327+0700][19.467s] GC(7) Pause Young (Normal) (G1 Evacuation Pause)
[2023-03-29T17:36:44.327+0700][19.467s] GC(7) Using 8 workers of 8 for evacuation
[2023-03-29T17:36:44.334+0700][19.473s] GC(7)   Pre Evacuate Collection Set: 0.0ms
[2023-03-29T17:36:44.334+0700][19.473s] GC(7)   Evacuate Collection Set: 5.3ms
[2023-03-29T17:36:44.334+0700][19.473s] GC(7)   Post Evacuate Collection Set: 0.6ms
[2023-03-29T17:36:44.334+0700][19.473s] GC(7)   Other: 0.2ms
[2023-03-29T17:36:44.334+0700][19.473s] GC(7) Eden regions: 140->0(297)
[2023-03-29T17:36:44.334+0700][19.473s] GC(7) Survivor regions: 3->10(18)
[2023-03-29T17:36:44.334+0700][19.473s] GC(7) Old regions: 20->20
[2023-03-29T17:36:44.334+0700][19.473s] GC(7) Humongous regions: 5->4
[2023-03-29T17:36:44.334+0700][19.473s] GC(7) Metaspace: 46557K->46557K(1091584K)
[2023-03-29T17:36:44.334+0700][19.473s] GC(7) Pause Young (Normal) (G1 Evacuation Pause) 166M->32M(512M) 6.328ms
[2023-03-29T17:36:44.334+0700][19.473s] GC(7) User=0.02s Sys=0.00s Real=0.01s
[2023-03-29T19:22:40.658+0700][6381.387s] GC(8) Pause Young (Concurrent Start) (Metadata GC Threshold)
[2023-03-29T19:22:40.658+0700][6381.387s] GC(8) Using 8 workers of 8 for evacuation
[2023-03-29T19:22:40.707+0700][6381.436s] GC(8)   Pre Evacuate Collection Set: 0.6ms
[2023-03-29T19:22:40.707+0700][6381.436s] GC(8)   Evacuate Collection Set: 43.7ms
[2023-03-29T19:22:40.707+0700][6381.436s] GC(8)   Post Evacuate Collection Set: 2.3ms
[2023-03-29T19:22:40.707+0700][6381.436s] GC(8)   Other: 2.0ms
[2023-03-29T19:22:40.707+0700][6381.436s] GC(8) Eden regions: 251->0(285)
[2023-03-29T19:22:40.707+0700][6381.436s] GC(8) Survivor regions: 10->22(39)
[2023-03-29T19:22:40.707+0700][6381.436s] GC(8) Old regions: 20->20
[2023-03-29T19:22:40.707+0700][6381.436s] GC(8) Humongous regions: 4->4
[2023-03-29T19:22:40.707+0700][6381.436s] GC(8) Metaspace: 58875K->58875K(1101824K)
[2023-03-29T19:22:40.707+0700][6381.436s] GC(8) Pause Young (Concurrent Start) (Metadata GC Threshold) 283M->44M(512M) 48.877ms
[2023-03-29T19:22:40.707+0700][6381.436s] GC(8) User=0.11s Sys=0.13s Real=0.05s
[2023-03-29T19:22:40.707+0700][6381.436s] GC(9) Concurrent Cycle
[2023-03-29T19:22:40.707+0700][6381.436s] GC(9) Concurrent Clear Claimed Marks
[2023-03-29T19:22:40.707+0700][6381.436s] GC(9) Concurrent Clear Claimed Marks 0.099ms
[2023-03-29T19:22:40.707+0700][6381.436s] GC(9) Concurrent Scan Root Regions
[2023-03-29T19:22:40.716+0700][6381.445s] GC(9) Concurrent Scan Root Regions 8.341ms
[2023-03-29T19:22:40.716+0700][6381.445s] GC(9) Concurrent Mark (6381.445s)
[2023-03-29T19:22:40.716+0700][6381.445s] GC(9) Concurrent Mark From Roots
[2023-03-29T19:22:40.716+0700][6381.445s] GC(9) Using 2 workers of 2 for marking
[2023-03-29T19:22:40.738+0700][6381.467s] GC(9) Concurrent Mark From Roots 22.436ms
[2023-03-29T19:22:40.738+0700][6381.467s] GC(9) Concurrent Preclean
[2023-03-29T19:22:40.739+0700][6381.468s] GC(9) Concurrent Preclean 0.416ms
[2023-03-29T19:22:40.739+0700][6381.468s] GC(9) Concurrent Mark (6381.445s, 6381.468s) 22.979ms
[2023-03-29T19:22:40.739+0700][6381.468s] GC(9) Pause Remark
[2023-03-29T19:22:40.801+0700][6381.531s] GC(9) Cleaned string and symbol table, strings: 28757 processed, 988 removed, symbols: 177569 processed, 579 removed
[2023-03-29T19:22:40.802+0700][6381.532s] GC(9) Pause Remark 45M->45M(512M) 63.880ms
[2023-03-29T19:22:40.802+0700][6381.532s] GC(9) User=0.06s Sys=0.09s Real=0.06s
[2023-03-29T19:22:40.802+0700][6381.532s] GC(9) Concurrent Rebuild Remembered Sets
[2023-03-29T19:22:40.812+0700][6381.541s] GC(9) Concurrent Rebuild Remembered Sets 9.612ms
[2023-03-29T19:22:40.812+0700][6381.542s] GC(9) Pause Cleanup
[2023-03-29T19:22:40.812+0700][6381.542s] GC(9) Pause Cleanup 45M->45M(512M) 0.144ms
[2023-03-29T19:22:40.812+0700][6381.542s] GC(9) User=0.00s Sys=0.00s Real=0.00s
[2023-03-29T19:22:40.812+0700][6381.542s] GC(9) Concurrent Cleanup for Next Mark
[2023-03-29T19:22:40.815+0700][6381.545s] GC(9) Concurrent Cleanup for Next Mark 2.951ms
[2023-03-29T19:22:40.815+0700][6381.545s] GC(9) Concurrent Cycle 108.758ms
[2023-03-29T21:35:50.218+0700][14370.948s] GC(10) Pause Young (Normal) (G1 Evacuation Pause)
[2023-03-29T21:35:50.218+0700][14370.948s] GC(10) Using 8 workers of 8 for evacuation
[2023-03-29T21:35:50.248+0700][14370.977s] GC(10)   Pre Evacuate Collection Set: 0.3ms
[2023-03-29T21:35:50.248+0700][14370.977s] GC(10)   Evacuate Collection Set: 25.9ms
[2023-03-29T21:35:50.248+0700][14370.977s] GC(10)   Post Evacuate Collection Set: 2.2ms
[2023-03-29T21:35:50.248+0700][14370.977s] GC(10)   Other: 0.6ms
[2023-03-29T21:35:50.248+0700][14370.977s] GC(10) Eden regions: 285->0(283)
[2023-03-29T21:35:50.248+0700][14370.977s] GC(10) Survivor regions: 22->24(39)
[2023-03-29T21:35:50.248+0700][14370.977s] GC(10) Old regions: 20->22
[2023-03-29T21:35:50.248+0700][14370.977s] GC(10) Humongous regions: 7->7
[2023-03-29T21:35:50.248+0700][14370.977s] GC(10) Metaspace: 62272K->62272K(1105920K)
[2023-03-29T21:35:50.248+0700][14370.977s] GC(10) Pause Young (Normal) (G1 Evacuation Pause) 332M->51M(512M) 29.361ms
[2023-03-29T21:35:50.248+0700][14370.978s] GC(10) User=0.16s Sys=0.03s Real=0.03s
[2023-03-29T23:05:50.841+0700][19771.570s] GC(11) Pause Young (Normal) (G1 Evacuation Pause)
[2023-03-29T23:05:50.841+0700][19771.570s] GC(11) Using 8 workers of 8 for evacuation
[2023-03-29T23:05:50.872+0700][19771.602s] GC(11)   Pre Evacuate Collection Set: 0.3ms
[2023-03-29T23:05:50.872+0700][19771.602s] GC(11)   Evacuate Collection Set: 29.6ms
[2023-03-29T23:05:50.872+0700][19771.602s] GC(11)   Post Evacuate Collection Set: 1.7ms
[2023-03-29T23:05:50.872+0700][19771.602s] GC(11)   Other: 0.5ms
[2023-03-29T23:05:50.872+0700][19771.602s] GC(11) Eden regions: 283->0(291)
[2023-03-29T23:05:50.872+0700][19771.602s] GC(11) Survivor regions: 24->16(39)
[2023-03-29T23:05:50.872+0700][19771.602s] GC(11) Old regions: 22->28
[2023-03-29T23:05:50.872+0700][19771.602s] GC(11) Humongous regions: 7->7
[2023-03-29T23:05:50.872+0700][19771.602s] GC(11) Metaspace: 62761K->62761K(1105920K)
[2023-03-29T23:05:50.872+0700][19771.602s] GC(11) Pause Young (Normal) (G1 Evacuation Pause) 334M->50M(512M) 32.196ms
[2023-03-29T23:05:50.872+0700][19771.602s] GC(11) User=0.03s Sys=0.09s Real=0.03s
[2023-03-30T00:45:49.653+0700][25770.382s] GC(12) Pause Young (Normal) (G1 Evacuation Pause)
[2023-03-30T00:45:49.653+0700][25770.382s] GC(12) Using 8 workers of 8 for evacuation
[2023-03-30T00:45:49.692+0700][25770.421s] GC(12)   Pre Evacuate Collection Set: 0.3ms
[2023-03-30T00:45:49.692+0700][25770.421s] GC(12)   Evacuate Collection Set: 36.1ms
[2023-03-30T00:45:49.692+0700][25770.421s] GC(12)   Post Evacuate Collection Set: 1.7ms
[2023-03-30T00:45:49.692+0700][25770.421s] GC(12)   Other: 0.7ms
[2023-03-30T00:45:49.692+0700][25770.421s] GC(12) Eden regions: 291->0(291)
[2023-03-30T00:45:49.692+0700][25770.421s] GC(12) Survivor regions: 16->16(39)
[2023-03-30T00:45:49.692+0700][25770.421s] GC(12) Old regions: 28->28
[2023-03-30T00:45:49.692+0700][25770.421s] GC(12) Humongous regions: 7->7
[2023-03-30T00:45:49.692+0700][25770.421s] GC(12) Metaspace: 62820K->62820K(1105920K)
[2023-03-30T00:45:49.692+0700][25770.421s] GC(12) Pause Young (Normal) (G1 Evacuation Pause) 341M->50M(512M) 38.994ms
[2023-03-30T00:45:49.692+0700][25770.421s] GC(12) User=0.05s Sys=0.11s Real=0.04s
